[2024-06-23 02:42:17,597: INFO: main: Hello World]
[2024-06-23 13:57:44,912: INFO: common: yaml file: config\config.yaml loaded successfully]
[2024-06-23 13:57:44,913: INFO: common: yaml file: params.yaml loaded successfully]
[2024-06-23 13:57:44,914: INFO: common: yaml file: schema.yaml loaded successfully]
[2024-06-23 13:58:23,727: INFO: common: yaml file: config\config.yaml loaded successfully]
[2024-06-23 13:58:23,728: INFO: common: yaml file: params.yaml loaded successfully]
[2024-06-23 13:58:23,729: INFO: common: yaml file: schema.yaml loaded successfully]
[2024-06-23 13:59:07,027: INFO: common: yaml file: config\config.yaml loaded successfully]
[2024-06-23 13:59:07,028: INFO: common: yaml file: params.yaml loaded successfully]
[2024-06-23 13:59:07,029: INFO: common: yaml file: schema.yaml loaded successfully]
[2024-06-23 13:59:07,030: INFO: common: created directory at: artifacts]
[2024-06-23 13:59:07,031: INFO: common: created directory at: artifacts/data_ingestion]
[2024-06-23 13:59:09,001: INFO: 2280763589: artifacts/data_ingestion/data.zip download! with following info: 
Server: GitHub.com
Date: Sun, 23 Jun 2024 08:29:08 GMT
Content-Type: text/html; charset=utf-8
Vary: X-PJAX, X-PJAX-Container, Turbo-Visit, Turbo-Frame, Accept-Encoding, Accept, X-Requested-With
ETag: W/"fdebb5e5a1b07e84533b4835a12656ad"
Cache-Control: max-age=0, private, must-revalidate
Strict-Transport-Security: max-age=31536000; includeSubdomains; preload
X-Frame-Options: deny
X-Content-Type-Options: nosniff
X-XSS-Protection: 0
Referrer-Policy: no-referrer-when-downgrade
Content-Security-Policy: default-src 'none'; base-uri 'self'; child-src github.com/assets-cdn/worker/ gist.github.com/assets-cdn/worker/; connect-src 'self' uploads.github.com www.githubstatus.com collector.github.com raw.githubusercontent.com api.github.com github-cloud.s3.amazonaws.com github-production-repository-file-5c1aeb.s3.amazonaws.com github-production-upload-manifest-file-7fdce7.s3.amazonaws.com github-production-user-asset-6210df.s3.amazonaws.com api.githubcopilot.com objects-origin.githubusercontent.com copilot-proxy.githubusercontent.com/v1/engines/github-completion/completions *.actions.githubusercontent.com wss://*.actions.githubusercontent.com productionresultssa0.blob.core.windows.net/ productionresultssa1.blob.core.windows.net/ productionresultssa2.blob.core.windows.net/ productionresultssa3.blob.core.windows.net/ productionresultssa4.blob.core.windows.net/ productionresultssa5.blob.core.windows.net/ productionresultssa6.blob.core.windows.net/ productionresultssa7.blob.core.windows.net/ productionresultssa8.blob.core.windows.net/ productionresultssa9.blob.core.windows.net/ productionresultssa10.blob.core.windows.net/ productionresultssa11.blob.core.windows.net/ productionresultssa12.blob.core.windows.net/ productionresultssa13.blob.core.windows.net/ productionresultssa14.blob.core.windows.net/ productionresultssa15.blob.core.windows.net/ productionresultssa16.blob.core.windows.net/ productionresultssa17.blob.core.windows.net/ productionresultssa18.blob.core.windows.net/ productionresultssa19.blob.core.windows.net/ github-production-repository-image-32fea6.s3.amazonaws.com github-production-release-asset-2e65be.s3.amazonaws.com insights.github.com wss://alive.github.com; font-src github.githubassets.com; form-action 'self' github.com gist.github.com copilot-workspace.githubnext.com objects-origin.githubusercontent.com; frame-ancestors 'none'; frame-src viewscreen.githubusercontent.com notebooks.githubusercontent.com; img-src 'self' data: blob: github.githubassets.com media.githubusercontent.com camo.githubusercontent.com identicons.github.com avatars.githubusercontent.com github-cloud.s3.amazonaws.com objects.githubusercontent.com secured-user-images.githubusercontent.com/ user-images.githubusercontent.com/ private-user-images.githubusercontent.com opengraph.githubassets.com github-production-user-asset-6210df.s3.amazonaws.com customer-stories-feed.github.com spotlights-feed.github.com objects-origin.githubusercontent.com *.githubusercontent.com; manifest-src 'self'; media-src github.com user-images.githubusercontent.com/ secured-user-images.githubusercontent.com/ private-user-images.githubusercontent.com github-production-user-asset-6210df.s3.amazonaws.com gist.github.com; script-src github.githubassets.com; style-src 'unsafe-inline' github.githubassets.com; upgrade-insecure-requests; worker-src github.com/assets-cdn/worker/ gist.github.com/assets-cdn/worker/
Set-Cookie: _gh_sess=4IyeZT66iBe%2FsHBf1jOXO%2FV9Ian0sTxYMvL%2FOlbN4iUX68%2FH3%2FyQvG24USrM4JhB6kaksvI90AgMUnB2uaDL1F2X37lmBrX8zdNGyTfLYDQrcVP797wCUpa1TzFde6A439JKh5woScczuUPqBuzngQVVPr8BdFBcd9Zw7joeJulrXlq2K9k%2F25xaHYqwYRtq9XkqKfNZhIgTGO0E6H0U%2FJTylkcVW02DBzVM4q%2Fd6gs6%2BL6c9yKPXn8sWdRDwUcjXufs7b%2FcevA3X6mAiI96Gw%3D%3D--VAPFQccP9B%2FxGzuu--QKqlp%2B%2F9Khc9oywg1%2BQF5A%3D%3D; Path=/; HttpOnly; Secure; SameSite=Lax
Set-Cookie: _octo=GH1.1.1592496303.1719131348; Path=/; Domain=github.com; Expires=Mon, 23 Jun 2025 08:29:08 GMT; Secure; SameSite=Lax
Set-Cookie: logged_in=no; Path=/; Domain=github.com; Expires=Mon, 23 Jun 2025 08:29:08 GMT; HttpOnly; Secure; SameSite=Lax
Accept-Ranges: bytes
Transfer-Encoding: chunked
X-GitHub-Request-Id: 08DC:287641:52ECD:5BFD0:6677DCD4
connection: close

]
[2024-06-23 14:01:53,348: INFO: common: yaml file: config\config.yaml loaded successfully]
[2024-06-23 14:01:53,350: INFO: common: yaml file: params.yaml loaded successfully]
[2024-06-23 14:01:53,352: INFO: common: yaml file: schema.yaml loaded successfully]
[2024-06-23 14:01:53,353: INFO: common: created directory at: artifacts]
[2024-06-23 14:01:53,354: INFO: common: created directory at: artifacts/data_ingestion]
[2024-06-23 14:01:53,355: INFO: 2280763589: File already exists of size: ~ 156 KB]
[2024-06-23 14:04:42,090: INFO: common: yaml file: config\config.yaml loaded successfully]
[2024-06-23 14:04:42,091: INFO: common: yaml file: params.yaml loaded successfully]
[2024-06-23 14:04:42,092: INFO: common: yaml file: schema.yaml loaded successfully]
[2024-06-23 14:04:42,093: INFO: common: created directory at: artifacts]
[2024-06-23 14:04:42,094: INFO: common: created directory at: artifacts/data_ingestion]
[2024-06-23 14:04:42,095: INFO: 2280763589: File already exists of size: ~ 156 KB]
[2024-06-23 14:08:05,745: INFO: common: yaml file: config\config.yaml loaded successfully]
[2024-06-23 14:08:05,746: INFO: common: yaml file: params.yaml loaded successfully]
[2024-06-23 14:08:05,747: INFO: common: yaml file: schema.yaml loaded successfully]
[2024-06-23 14:08:05,748: INFO: common: created directory at: artifacts]
[2024-06-23 14:08:05,749: INFO: common: created directory at: artifacts/data_ingestion]
[2024-06-23 14:08:05,750: INFO: 2280763589: File already exists of size: ~ 156 KB]
[2024-06-23 14:23:44,239: INFO: common: yaml file: config\config.yaml loaded successfully]
[2024-06-23 14:23:44,240: INFO: common: yaml file: params.yaml loaded successfully]
[2024-06-23 14:23:44,241: INFO: common: yaml file: schema.yaml loaded successfully]
[2024-06-23 14:23:44,242: INFO: common: created directory at: artifacts]
[2024-06-23 14:23:44,243: INFO: common: created directory at: artifacts/data_ingestion]
[2024-06-23 14:23:46,344: INFO: 2280763589: artifacts/data_ingestion/data.zip download! with following info: 
Server: GitHub.com
Date: Sun, 23 Jun 2024 08:53:45 GMT
Content-Type: text/html; charset=utf-8
Vary: X-PJAX, X-PJAX-Container, Turbo-Visit, Turbo-Frame, Accept-Encoding, Accept, X-Requested-With
ETag: W/"51ba1645aeee3198b553a3561c4e38f1"
Cache-Control: max-age=0, private, must-revalidate
Strict-Transport-Security: max-age=31536000; includeSubdomains; preload
X-Frame-Options: deny
X-Content-Type-Options: nosniff
X-XSS-Protection: 0
Referrer-Policy: no-referrer-when-downgrade
Content-Security-Policy: default-src 'none'; base-uri 'self'; child-src github.com/assets-cdn/worker/ gist.github.com/assets-cdn/worker/; connect-src 'self' uploads.github.com www.githubstatus.com collector.github.com raw.githubusercontent.com api.github.com github-cloud.s3.amazonaws.com github-production-repository-file-5c1aeb.s3.amazonaws.com github-production-upload-manifest-file-7fdce7.s3.amazonaws.com github-production-user-asset-6210df.s3.amazonaws.com api.githubcopilot.com objects-origin.githubusercontent.com copilot-proxy.githubusercontent.com/v1/engines/github-completion/completions *.actions.githubusercontent.com wss://*.actions.githubusercontent.com productionresultssa0.blob.core.windows.net/ productionresultssa1.blob.core.windows.net/ productionresultssa2.blob.core.windows.net/ productionresultssa3.blob.core.windows.net/ productionresultssa4.blob.core.windows.net/ productionresultssa5.blob.core.windows.net/ productionresultssa6.blob.core.windows.net/ productionresultssa7.blob.core.windows.net/ productionresultssa8.blob.core.windows.net/ productionresultssa9.blob.core.windows.net/ productionresultssa10.blob.core.windows.net/ productionresultssa11.blob.core.windows.net/ productionresultssa12.blob.core.windows.net/ productionresultssa13.blob.core.windows.net/ productionresultssa14.blob.core.windows.net/ productionresultssa15.blob.core.windows.net/ productionresultssa16.blob.core.windows.net/ productionresultssa17.blob.core.windows.net/ productionresultssa18.blob.core.windows.net/ productionresultssa19.blob.core.windows.net/ github-production-repository-image-32fea6.s3.amazonaws.com github-production-release-asset-2e65be.s3.amazonaws.com insights.github.com wss://alive.github.com; font-src github.githubassets.com; form-action 'self' github.com gist.github.com copilot-workspace.githubnext.com objects-origin.githubusercontent.com; frame-ancestors 'none'; frame-src viewscreen.githubusercontent.com notebooks.githubusercontent.com; img-src 'self' data: blob: github.githubassets.com media.githubusercontent.com camo.githubusercontent.com identicons.github.com avatars.githubusercontent.com github-cloud.s3.amazonaws.com objects.githubusercontent.com secured-user-images.githubusercontent.com/ user-images.githubusercontent.com/ private-user-images.githubusercontent.com opengraph.githubassets.com github-production-user-asset-6210df.s3.amazonaws.com customer-stories-feed.github.com spotlights-feed.github.com objects-origin.githubusercontent.com *.githubusercontent.com; manifest-src 'self'; media-src github.com user-images.githubusercontent.com/ secured-user-images.githubusercontent.com/ private-user-images.githubusercontent.com github-production-user-asset-6210df.s3.amazonaws.com gist.github.com; script-src github.githubassets.com; style-src 'unsafe-inline' github.githubassets.com; upgrade-insecure-requests; worker-src github.com/assets-cdn/worker/ gist.github.com/assets-cdn/worker/
Set-Cookie: _gh_sess=f5c0hKtrC%2B6Nxv6JkXUKzYcM8nyZEKRBVK7k%2FWbCjLUp6zBNXQbZCmhta%2Bz3yLqpMLIehejSOl%2B2o%2FyhAUCBAFHT9c6M2c3KEyJloBrf0YNwI%2B1kq%2FYVogUugzoFSnDYIGIoRHUDC4lBplXYfdQTADvNhkbNwsWVFNliJ3yis0vKvwXryDGQrgLNhvdQtWcFs1QNOTtxh9%2ByoJoxoGOvBWbj6zMKx1NhklOQUG9l2m8I%2BdaX6mmV3q%2BuaHZ9C4sXWLzezYrxMw8XCtDHRrZKpw%3D%3D--emRiyqrx0SQiEYnl--5llmpSqrqtJKaa3LKiPd3g%3D%3D; Path=/; HttpOnly; Secure; SameSite=Lax
Set-Cookie: _octo=GH1.1.571240832.1719132825; Path=/; Domain=github.com; Expires=Mon, 23 Jun 2025 08:53:45 GMT; Secure; SameSite=Lax
Set-Cookie: logged_in=no; Path=/; Domain=github.com; Expires=Mon, 23 Jun 2025 08:53:45 GMT; HttpOnly; Secure; SameSite=Lax
Accept-Ranges: bytes
Transfer-Encoding: chunked
X-GitHub-Request-Id: 0E98:1D77F9:E4EF09:101D36F:6677E298
connection: close

]
[2024-06-23 14:27:49,045: INFO: common: yaml file: config\config.yaml loaded successfully]
[2024-06-23 14:27:49,047: INFO: common: yaml file: params.yaml loaded successfully]
[2024-06-23 14:27:49,048: INFO: common: yaml file: schema.yaml loaded successfully]
[2024-06-23 14:27:49,049: INFO: common: created directory at: artifacts]
[2024-06-23 14:27:49,050: INFO: common: created directory at: artifacts/data_ingestion]
[2024-06-23 14:27:49,051: INFO: 2280763589: File already exists of size: ~ 9 KB]
[2024-06-23 14:31:20,043: INFO: common: yaml file: config\config.yaml loaded successfully]
[2024-06-23 14:31:20,044: INFO: common: yaml file: params.yaml loaded successfully]
[2024-06-23 14:31:20,045: INFO: common: yaml file: schema.yaml loaded successfully]
[2024-06-23 14:31:20,046: INFO: common: created directory at: artifacts]
[2024-06-23 14:31:20,047: INFO: common: created directory at: artifacts/data_ingestion]
[2024-06-23 14:31:22,276: INFO: 2280763589: artifacts/data_ingestion/data.zip download! with following info: 
Server: GitHub.com
Date: Sun, 23 Jun 2024 09:01:21 GMT
Content-Type: text/html; charset=utf-8
Vary: X-PJAX, X-PJAX-Container, Turbo-Visit, Turbo-Frame, Accept-Encoding, Accept, X-Requested-With
ETag: W/"fdc421ef4de1bb177b5d76eee7c3151c"
Cache-Control: max-age=0, private, must-revalidate
Strict-Transport-Security: max-age=31536000; includeSubdomains; preload
X-Frame-Options: deny
X-Content-Type-Options: nosniff
X-XSS-Protection: 0
Referrer-Policy: no-referrer-when-downgrade
Content-Security-Policy: default-src 'none'; base-uri 'self'; child-src github.com/assets-cdn/worker/ gist.github.com/assets-cdn/worker/; connect-src 'self' uploads.github.com www.githubstatus.com collector.github.com raw.githubusercontent.com api.github.com github-cloud.s3.amazonaws.com github-production-repository-file-5c1aeb.s3.amazonaws.com github-production-upload-manifest-file-7fdce7.s3.amazonaws.com github-production-user-asset-6210df.s3.amazonaws.com api.githubcopilot.com objects-origin.githubusercontent.com copilot-proxy.githubusercontent.com/v1/engines/github-completion/completions *.actions.githubusercontent.com wss://*.actions.githubusercontent.com productionresultssa0.blob.core.windows.net/ productionresultssa1.blob.core.windows.net/ productionresultssa2.blob.core.windows.net/ productionresultssa3.blob.core.windows.net/ productionresultssa4.blob.core.windows.net/ productionresultssa5.blob.core.windows.net/ productionresultssa6.blob.core.windows.net/ productionresultssa7.blob.core.windows.net/ productionresultssa8.blob.core.windows.net/ productionresultssa9.blob.core.windows.net/ productionresultssa10.blob.core.windows.net/ productionresultssa11.blob.core.windows.net/ productionresultssa12.blob.core.windows.net/ productionresultssa13.blob.core.windows.net/ productionresultssa14.blob.core.windows.net/ productionresultssa15.blob.core.windows.net/ productionresultssa16.blob.core.windows.net/ productionresultssa17.blob.core.windows.net/ productionresultssa18.blob.core.windows.net/ productionresultssa19.blob.core.windows.net/ github-production-repository-image-32fea6.s3.amazonaws.com github-production-release-asset-2e65be.s3.amazonaws.com insights.github.com wss://alive.github.com; font-src github.githubassets.com; form-action 'self' github.com gist.github.com copilot-workspace.githubnext.com objects-origin.githubusercontent.com; frame-ancestors 'none'; frame-src viewscreen.githubusercontent.com notebooks.githubusercontent.com; img-src 'self' data: blob: github.githubassets.com media.githubusercontent.com camo.githubusercontent.com identicons.github.com avatars.githubusercontent.com github-cloud.s3.amazonaws.com objects.githubusercontent.com secured-user-images.githubusercontent.com/ user-images.githubusercontent.com/ private-user-images.githubusercontent.com opengraph.githubassets.com github-production-user-asset-6210df.s3.amazonaws.com customer-stories-feed.github.com spotlights-feed.github.com objects-origin.githubusercontent.com *.githubusercontent.com; manifest-src 'self'; media-src github.com user-images.githubusercontent.com/ secured-user-images.githubusercontent.com/ private-user-images.githubusercontent.com github-production-user-asset-6210df.s3.amazonaws.com gist.github.com; script-src github.githubassets.com; style-src 'unsafe-inline' github.githubassets.com; upgrade-insecure-requests; worker-src github.com/assets-cdn/worker/ gist.github.com/assets-cdn/worker/
Set-Cookie: _gh_sess=BxOvGpgeqPBd15bvB0uPnLAcJgf7VuTt3Z5dUiB3AcU9mlE4zbsF3ot0AqNzCrHkPJo%2BqLbLAT8kbefqxvvrFLbfbPrf8qmv0cnxXmhPwhMY3cBqKoR4fi55mH6GrATl1USc7yPmaGE6oeve7yak9ZJrNTlMMiV%2FR3cq0vWSMp741QfSIyjC07tiEZzWnPfU9%2FJyjzNvgfsq9uziCsnckcYnbvvGPZwtdFycEw5AUFBqjKQx388bMY82%2BS8%2FV4c4uvj2OomLGJr2oZKIZnCuRA%3D%3D--YBsqjcGHI5LsDeg5--Hip%2F5ZC0LyaYBcIYfEjhbg%3D%3D; Path=/; HttpOnly; Secure; SameSite=Lax
Set-Cookie: _octo=GH1.1.1162869807.1719133280; Path=/; Domain=github.com; Expires=Mon, 23 Jun 2025 09:01:20 GMT; Secure; SameSite=Lax
Set-Cookie: logged_in=no; Path=/; Domain=github.com; Expires=Mon, 23 Jun 2025 09:01:20 GMT; HttpOnly; Secure; SameSite=Lax
Accept-Ranges: bytes
Transfer-Encoding: chunked
X-GitHub-Request-Id: 0FB3:1CD19C:E49C56:1019C33:6677E460
connection: close

]
[2024-06-23 14:32:27,887: INFO: common: yaml file: config\config.yaml loaded successfully]
[2024-06-23 14:32:27,889: INFO: common: yaml file: params.yaml loaded successfully]
[2024-06-23 14:32:27,890: INFO: common: yaml file: schema.yaml loaded successfully]
[2024-06-23 14:32:27,891: INFO: common: created directory at: artifacts]
[2024-06-23 14:32:27,891: INFO: common: created directory at: artifacts/data_ingestion]
[2024-06-23 14:32:27,892: INFO: 2280763589: File already exists of size: ~ 336 KB]
[2024-06-23 14:33:37,547: INFO: common: yaml file: config\config.yaml loaded successfully]
[2024-06-23 14:33:37,548: INFO: common: yaml file: params.yaml loaded successfully]
[2024-06-23 14:33:37,549: INFO: common: yaml file: schema.yaml loaded successfully]
[2024-06-23 14:33:37,551: INFO: common: created directory at: artifacts]
[2024-06-23 14:33:37,551: INFO: common: created directory at: artifacts/data_ingestion]
[2024-06-23 14:33:37,552: INFO: 2280763589: File already exists of size: ~ 336 KB]
[2024-06-23 14:33:51,668: INFO: common: yaml file: config\config.yaml loaded successfully]
[2024-06-23 14:33:51,669: INFO: common: yaml file: params.yaml loaded successfully]
[2024-06-23 14:33:51,670: INFO: common: yaml file: schema.yaml loaded successfully]
[2024-06-23 14:33:51,670: INFO: common: created directory at: artifacts]
[2024-06-23 14:33:51,671: INFO: common: created directory at: artifacts/data_ingestion]
[2024-06-23 14:33:53,752: INFO: 2280763589: artifacts/data_ingestion/data.zip download! with following info: 
Server: GitHub.com
Date: Sun, 23 Jun 2024 09:03:52 GMT
Content-Type: text/html; charset=utf-8
Vary: X-PJAX, X-PJAX-Container, Turbo-Visit, Turbo-Frame, Accept-Encoding, Accept, X-Requested-With
ETag: W/"786f646aededeba1c01049122d1391e4"
Cache-Control: max-age=0, private, must-revalidate
Strict-Transport-Security: max-age=31536000; includeSubdomains; preload
X-Frame-Options: deny
X-Content-Type-Options: nosniff
X-XSS-Protection: 0
Referrer-Policy: no-referrer-when-downgrade
Content-Security-Policy: default-src 'none'; base-uri 'self'; child-src github.com/assets-cdn/worker/ gist.github.com/assets-cdn/worker/; connect-src 'self' uploads.github.com www.githubstatus.com collector.github.com raw.githubusercontent.com api.github.com github-cloud.s3.amazonaws.com github-production-repository-file-5c1aeb.s3.amazonaws.com github-production-upload-manifest-file-7fdce7.s3.amazonaws.com github-production-user-asset-6210df.s3.amazonaws.com api.githubcopilot.com objects-origin.githubusercontent.com copilot-proxy.githubusercontent.com/v1/engines/github-completion/completions *.actions.githubusercontent.com wss://*.actions.githubusercontent.com productionresultssa0.blob.core.windows.net/ productionresultssa1.blob.core.windows.net/ productionresultssa2.blob.core.windows.net/ productionresultssa3.blob.core.windows.net/ productionresultssa4.blob.core.windows.net/ productionresultssa5.blob.core.windows.net/ productionresultssa6.blob.core.windows.net/ productionresultssa7.blob.core.windows.net/ productionresultssa8.blob.core.windows.net/ productionresultssa9.blob.core.windows.net/ productionresultssa10.blob.core.windows.net/ productionresultssa11.blob.core.windows.net/ productionresultssa12.blob.core.windows.net/ productionresultssa13.blob.core.windows.net/ productionresultssa14.blob.core.windows.net/ productionresultssa15.blob.core.windows.net/ productionresultssa16.blob.core.windows.net/ productionresultssa17.blob.core.windows.net/ productionresultssa18.blob.core.windows.net/ productionresultssa19.blob.core.windows.net/ github-production-repository-image-32fea6.s3.amazonaws.com github-production-release-asset-2e65be.s3.amazonaws.com insights.github.com wss://alive.github.com; font-src github.githubassets.com; form-action 'self' github.com gist.github.com copilot-workspace.githubnext.com objects-origin.githubusercontent.com; frame-ancestors 'none'; frame-src viewscreen.githubusercontent.com notebooks.githubusercontent.com; img-src 'self' data: blob: github.githubassets.com media.githubusercontent.com camo.githubusercontent.com identicons.github.com avatars.githubusercontent.com github-cloud.s3.amazonaws.com objects.githubusercontent.com secured-user-images.githubusercontent.com/ user-images.githubusercontent.com/ private-user-images.githubusercontent.com opengraph.githubassets.com github-production-user-asset-6210df.s3.amazonaws.com customer-stories-feed.github.com spotlights-feed.github.com objects-origin.githubusercontent.com *.githubusercontent.com; manifest-src 'self'; media-src github.com user-images.githubusercontent.com/ secured-user-images.githubusercontent.com/ private-user-images.githubusercontent.com github-production-user-asset-6210df.s3.amazonaws.com gist.github.com; script-src github.githubassets.com; style-src 'unsafe-inline' github.githubassets.com; upgrade-insecure-requests; worker-src github.com/assets-cdn/worker/ gist.github.com/assets-cdn/worker/
Set-Cookie: _gh_sess=X8gOZYLH1%2BeLXM3R8B4cZM0r6Kr2ldZd0HfhhkpRq9Pr%2BOBKWrHo0ckTlzFza8L%2BU7z0Udmui5fGbC4OyOHFG1oS3g%2BS092%2FTIsSEaGNx41R3UwYGM3G41y6vDD4sb61poCSMtmuIeGoaeYPnmAjgYBb3G3CWRw4L2%2F%2FRod0rdrYJirJZ1%2BwOuptjMJ9bKoMxlGDfB5k1DueWcem2%2BoHrcDTShqLHE92kj6KkuXBwgFiAzc5U5PAVzKcmYtx0p%2FCfcW9Jk3Qfyg3bTab2Rx5Mg%3D%3D--nBLA7zgD0C%2F4ujE%2B--u0A5QYFIjLBN46SVffZY7Q%3D%3D; Path=/; HttpOnly; Secure; SameSite=Lax
Set-Cookie: _octo=GH1.1.711631286.1719133432; Path=/; Domain=github.com; Expires=Mon, 23 Jun 2025 09:03:52 GMT; Secure; SameSite=Lax
Set-Cookie: logged_in=no; Path=/; Domain=github.com; Expires=Mon, 23 Jun 2025 09:03:52 GMT; HttpOnly; Secure; SameSite=Lax
Accept-Ranges: bytes
Transfer-Encoding: chunked
X-GitHub-Request-Id: 1015:331BA2:E2F244:FFFAA1:6677E4F8
connection: close

]
[2024-06-23 14:36:50,326: INFO: common: yaml file: config\config.yaml loaded successfully]
[2024-06-23 14:36:50,327: INFO: common: yaml file: params.yaml loaded successfully]
[2024-06-23 14:36:50,328: INFO: common: yaml file: schema.yaml loaded successfully]
[2024-06-23 14:36:50,329: INFO: common: created directory at: artifacts]
[2024-06-23 14:36:50,330: INFO: common: created directory at: artifacts/data_ingestion]
[2024-06-23 14:37:30,889: INFO: common: yaml file: config\config.yaml loaded successfully]
[2024-06-23 14:37:30,891: INFO: common: yaml file: params.yaml loaded successfully]
[2024-06-23 14:37:30,892: INFO: common: yaml file: schema.yaml loaded successfully]
[2024-06-23 14:37:30,893: INFO: common: created directory at: artifacts]
[2024-06-23 14:37:30,894: INFO: common: created directory at: artifacts/data_ingestion]
[2024-06-23 14:37:30,894: INFO: 2497286289: File already exists of size: ~ 336 KB]
[2024-06-23 14:40:11,263: INFO: common: yaml file: config\config.yaml loaded successfully]
[2024-06-23 14:40:11,265: INFO: common: yaml file: params.yaml loaded successfully]
[2024-06-23 14:40:11,266: INFO: common: yaml file: schema.yaml loaded successfully]
[2024-06-23 14:40:11,267: INFO: common: created directory at: artifacts]
[2024-06-23 14:40:11,268: INFO: common: created directory at: artifacts/data_ingestion]
[2024-06-23 14:40:42,620: INFO: main: >>>>>> stage Data Ingestion stage started <<<<<<]
[2024-06-23 14:40:42,621: INFO: common: yaml file: config\config.yaml loaded successfully]
[2024-06-23 14:40:42,622: INFO: common: yaml file: params.yaml loaded successfully]
[2024-06-23 14:40:42,622: INFO: common: yaml file: schema.yaml loaded successfully]
[2024-06-23 14:40:42,623: INFO: common: created directory at: artifacts]
[2024-06-23 14:40:42,623: INFO: common: created directory at: artifacts/data_ingestion]
[2024-06-23 14:40:42,624: INFO: data_ingestion: File already exists of size: ~ 9 KB]
[2024-06-23 14:40:42,626: INFO: main: >>>>>> stage Data Ingestion stage completed <<<<<<

x==========x]
[2024-06-23 18:03:49,513: INFO: main: >>>>>> stage Data Ingestion stage started <<<<<<]
[2024-06-23 18:03:49,516: INFO: common: yaml file: config\config.yaml loaded successfully]
[2024-06-23 18:03:49,519: INFO: common: yaml file: params.yaml loaded successfully]
[2024-06-23 18:03:49,521: INFO: common: yaml file: schema.yaml loaded successfully]
[2024-06-23 18:03:49,522: INFO: common: created directory at: artifacts]
[2024-06-23 18:03:49,524: INFO: common: created directory at: artifacts/data_ingestion]
[2024-06-23 18:03:49,525: INFO: data_ingestion: File already exists of size: ~ 9 KB]
[2024-06-23 18:03:49,536: INFO: main: >>>>>> stage Data Ingestion stage completed <<<<<<

x==========x]
[2024-06-23 18:03:49,536: INFO: main: >>>>>> stage Data Validation stage started <<<<<<]
[2024-06-23 18:03:49,539: INFO: common: yaml file: config\config.yaml loaded successfully]
[2024-06-23 18:03:49,543: INFO: common: yaml file: params.yaml loaded successfully]
[2024-06-23 18:03:49,544: INFO: common: yaml file: schema.yaml loaded successfully]
[2024-06-23 18:03:49,544: INFO: common: created directory at: artifacts]
[2024-06-23 18:03:49,545: ERROR: main: "'ConfigBox' object has no attribute 'columns'"]
Traceback (most recent call last):
  File "D:\1Semester 6\ML\Project\CO544-MLOPs\venv\Lib\site-packages\box\box.py", line 503, in __getitem__
    return super().__getitem__(item)
           ^^^^^^^^^^^^^^^^^^^^^^^^^
KeyError: 'COLUMNS'

The above exception was the direct cause of the following exception:

Traceback (most recent call last):
  File "D:\1Semester 6\ML\Project\CO544-MLOPs\venv\Lib\site-packages\box\box.py", line 536, in __getattr__
    value = self.__getitem__(item, _ignore_default=True)
            ^^^^^^^^^^^^^^^^^^^^^^^^^^^^^^^^^^^^^^^^^^^^
  File "D:\1Semester 6\ML\Project\CO544-MLOPs\venv\Lib\site-packages\box\box.py", line 524, in __getitem__
    raise BoxKeyError(str(err)) from _exception_cause(err)
box.exceptions.BoxKeyError: "'COLUMNS'"

During handling of the above exception, another exception occurred:

Traceback (most recent call last):
  File "D:\1Semester 6\ML\Project\CO544-MLOPs\venv\Lib\site-packages\box\box.py", line 538, in __getattr__
    value = object.__getattribute__(self, item)
            ^^^^^^^^^^^^^^^^^^^^^^^^^^^^^^^^^^^
AttributeError: 'ConfigBox' object has no attribute 'COLUMNS'

The above exception was the direct cause of the following exception:

Traceback (most recent call last):
  File "D:\1Semester 6\ML\Project\CO544-MLOPs\venv\Lib\site-packages\box\config_box.py", line 28, in __getattr__
    return super().__getattr__(item)
           ^^^^^^^^^^^^^^^^^^^^^^^^^
  File "D:\1Semester 6\ML\Project\CO544-MLOPs\venv\Lib\site-packages\box\box.py", line 552, in __getattr__
    raise BoxKeyError(str(err)) from _exception_cause(err)
box.exceptions.BoxKeyError: "'ConfigBox' object has no attribute 'COLUMNS'"

During handling of the above exception, another exception occurred:

Traceback (most recent call last):
  File "D:\1Semester 6\ML\Project\CO544-MLOPs\venv\Lib\site-packages\box\box.py", line 503, in __getitem__
    return super().__getitem__(item)
           ^^^^^^^^^^^^^^^^^^^^^^^^^
KeyError: 'columns'

The above exception was the direct cause of the following exception:

Traceback (most recent call last):
  File "D:\1Semester 6\ML\Project\CO544-MLOPs\venv\Lib\site-packages\box\box.py", line 536, in __getattr__
    value = self.__getitem__(item, _ignore_default=True)
            ^^^^^^^^^^^^^^^^^^^^^^^^^^^^^^^^^^^^^^^^^^^^
  File "D:\1Semester 6\ML\Project\CO544-MLOPs\venv\Lib\site-packages\box\box.py", line 524, in __getitem__
    raise BoxKeyError(str(err)) from _exception_cause(err)
box.exceptions.BoxKeyError: "'columns'"

During handling of the above exception, another exception occurred:

Traceback (most recent call last):
  File "D:\1Semester 6\ML\Project\CO544-MLOPs\venv\Lib\site-packages\box\box.py", line 538, in __getattr__
    value = object.__getattribute__(self, item)
            ^^^^^^^^^^^^^^^^^^^^^^^^^^^^^^^^^^^
AttributeError: 'ConfigBox' object has no attribute 'columns'

The above exception was the direct cause of the following exception:

Traceback (most recent call last):
  File "d:\1Semester 6\ML\Project\CO544-MLOPs\main.py", line 20, in <module>
    data_ingestion.main()
  File "D:\1Semester 6\ML\Project\CO544-MLOPs\src\mlProject\pipeline\stage_02_data_validation.py", line 14, in main
    data_validation_config = config.get_data_validation_config()
                             ^^^^^^^^^^^^^^^^^^^^^^^^^^^^^^^^^^^
  File "D:\1Semester 6\ML\Project\CO544-MLOPs\src\mlProject\config\configuration.py", line 37, in get_data_validation_config
    schema = self.schema.COLUMNS
             ^^^^^^^^^^^^^^^^^^^
  File "D:\1Semester 6\ML\Project\CO544-MLOPs\venv\Lib\site-packages\box\config_box.py", line 30, in __getattr__
    return super().__getattr__(item.lower())
           ^^^^^^^^^^^^^^^^^^^^^^^^^^^^^^^^^
  File "D:\1Semester 6\ML\Project\CO544-MLOPs\venv\Lib\site-packages\box\box.py", line 552, in __getattr__
    raise BoxKeyError(str(err)) from _exception_cause(err)
box.exceptions.BoxKeyError: "'ConfigBox' object has no attribute 'columns'"
[2024-06-23 18:06:56,920: INFO: main: >>>>>> stage Data Ingestion stage started <<<<<<]
[2024-06-23 18:06:56,922: INFO: common: yaml file: config\config.yaml loaded successfully]
[2024-06-23 18:06:56,923: INFO: common: yaml file: params.yaml loaded successfully]
[2024-06-23 18:06:56,924: INFO: common: yaml file: schema.yaml loaded successfully]
[2024-06-23 18:06:56,924: INFO: common: created directory at: artifacts]
[2024-06-23 18:06:56,925: INFO: common: created directory at: artifacts/data_ingestion]
[2024-06-23 18:06:56,925: INFO: data_ingestion: File already exists of size: ~ 9 KB]
[2024-06-23 18:06:56,927: INFO: main: >>>>>> stage Data Ingestion stage completed <<<<<<

x==========x]
[2024-06-23 18:06:56,928: INFO: main: >>>>>> stage Data Validation stage started <<<<<<]
[2024-06-23 18:06:56,929: INFO: common: yaml file: config\config.yaml loaded successfully]
[2024-06-23 18:06:56,930: INFO: common: yaml file: params.yaml loaded successfully]
[2024-06-23 18:06:56,932: INFO: common: yaml file: schema.yaml loaded successfully]
[2024-06-23 18:06:56,933: INFO: common: created directory at: artifacts]
[2024-06-23 18:06:56,933: INFO: common: created directory at: artifacts/data_validation]
[2024-06-23 18:06:56,942: INFO: main: >>>>>> stage Data Validation stage completed <<<<<<

x==========x]
[2024-06-23 19:18:18,151: INFO: main: >>>>>> stage Data Ingestion stage started <<<<<<]
[2024-06-23 19:18:18,153: ERROR: main: while parsing a block mapping
  in "config\config.yaml", line 1, column 1
expected <block end>, but found '<block mapping start>'
  in "config\config.yaml", line 19, column 2]
Traceback (most recent call last):
  File "d:\1Semester 6\ML\Project\CO544-MLOPs\main.py", line 10, in <module>
    obj.main()
  File "D:\1Semester 6\ML\Project\CO544-MLOPs\src\mlProject\pipeline\stage_01_data_ingestion.py", line 14, in main
    config = ConfigurationManager()
             ^^^^^^^^^^^^^^^^^^^^^^
  File "D:\1Semester 6\ML\Project\CO544-MLOPs\src\mlProject\config\configuration.py", line 14, in __init__
    self.config = read_yaml(config_filepath)
                  ^^^^^^^^^^^^^^^^^^^^^^^^^^
  File "D:\1Semester 6\ML\Project\CO544-MLOPs\venv\Lib\site-packages\ensure\main.py", line 849, in __call__
    return_val = self.f(*args, **kwargs)
                 ^^^^^^^^^^^^^^^^^^^^^^^
  File "D:\1Semester 6\ML\Project\CO544-MLOPs\src\mlProject\utils\common.py", line 36, in read_yaml
    raise e
  File "D:\1Semester 6\ML\Project\CO544-MLOPs\src\mlProject\utils\common.py", line 30, in read_yaml
    content = yaml.safe_load(yaml_file)
              ^^^^^^^^^^^^^^^^^^^^^^^^^
  File "D:\1Semester 6\ML\Project\CO544-MLOPs\venv\Lib\site-packages\yaml\__init__.py", line 125, in safe_load
    return load(stream, SafeLoader)
           ^^^^^^^^^^^^^^^^^^^^^^^^
  File "D:\1Semester 6\ML\Project\CO544-MLOPs\venv\Lib\site-packages\yaml\__init__.py", line 81, in load
    return loader.get_single_data()
           ^^^^^^^^^^^^^^^^^^^^^^^^
  File "D:\1Semester 6\ML\Project\CO544-MLOPs\venv\Lib\site-packages\yaml\constructor.py", line 49, in get_single_data
    node = self.get_single_node()
           ^^^^^^^^^^^^^^^^^^^^^^
  File "D:\1Semester 6\ML\Project\CO544-MLOPs\venv\Lib\site-packages\yaml\composer.py", line 36, in get_single_node
    document = self.compose_document()
               ^^^^^^^^^^^^^^^^^^^^^^^
  File "D:\1Semester 6\ML\Project\CO544-MLOPs\venv\Lib\site-packages\yaml\composer.py", line 55, in compose_document
    node = self.compose_node(None, None)
           ^^^^^^^^^^^^^^^^^^^^^^^^^^^^^
  File "D:\1Semester 6\ML\Project\CO544-MLOPs\venv\Lib\site-packages\yaml\composer.py", line 84, in compose_node
    node = self.compose_mapping_node(anchor)
           ^^^^^^^^^^^^^^^^^^^^^^^^^^^^^^^^^
  File "D:\1Semester 6\ML\Project\CO544-MLOPs\venv\Lib\site-packages\yaml\composer.py", line 127, in compose_mapping_node
    while not self.check_event(MappingEndEvent):
              ^^^^^^^^^^^^^^^^^^^^^^^^^^^^^^^^^
  File "D:\1Semester 6\ML\Project\CO544-MLOPs\venv\Lib\site-packages\yaml\parser.py", line 98, in check_event
    self.current_event = self.state()
                         ^^^^^^^^^^^^
  File "D:\1Semester 6\ML\Project\CO544-MLOPs\venv\Lib\site-packages\yaml\parser.py", line 438, in parse_block_mapping_key
    raise ParserError("while parsing a block mapping", self.marks[-1],
yaml.parser.ParserError: while parsing a block mapping
  in "config\config.yaml", line 1, column 1
expected <block end>, but found '<block mapping start>'
  in "config\config.yaml", line 19, column 2
[2024-06-23 19:19:52,995: INFO: main: >>>>>> stage Data Ingestion stage started <<<<<<]
[2024-06-23 19:19:52,997: INFO: common: yaml file: config\config.yaml loaded successfully]
[2024-06-23 19:19:52,998: INFO: common: yaml file: params.yaml loaded successfully]
[2024-06-23 19:19:53,000: INFO: common: yaml file: schema.yaml loaded successfully]
[2024-06-23 19:19:53,000: INFO: common: created directory at: artifacts]
[2024-06-23 19:19:53,000: INFO: common: created directory at: artifacts/data_ingestion]
[2024-06-23 19:19:53,001: INFO: data_ingestion: File already exists of size: ~ 9 KB]
[2024-06-23 19:19:53,005: INFO: main: >>>>>> stage Data Ingestion stage completed <<<<<<

x==========x]
[2024-06-23 19:19:53,006: INFO: main: >>>>>> stage Data Validation stage started <<<<<<]
[2024-06-23 19:19:53,008: INFO: common: yaml file: config\config.yaml loaded successfully]
[2024-06-23 19:19:53,009: INFO: common: yaml file: params.yaml loaded successfully]
[2024-06-23 19:19:53,010: INFO: common: yaml file: schema.yaml loaded successfully]
[2024-06-23 19:19:53,011: INFO: common: created directory at: artifacts]
[2024-06-23 19:19:53,011: INFO: common: created directory at: artifacts/data_validation]
[2024-06-23 19:19:53,023: INFO: main: >>>>>> stage Data Validation stage completed <<<<<<

x==========x]
[2024-06-23 19:19:53,023: INFO: main: >>>>>> stage Data Transformation stage started <<<<<<]
[2024-06-23 19:19:53,025: INFO: common: yaml file: config\config.yaml loaded successfully]
[2024-06-23 19:19:53,026: INFO: common: yaml file: params.yaml loaded successfully]
[2024-06-23 19:19:53,027: INFO: common: yaml file: schema.yaml loaded successfully]
[2024-06-23 19:19:53,028: INFO: common: created directory at: artifacts]
[2024-06-23 19:19:53,028: INFO: common: created directory at: artifacts/data_transformation]
[2024-06-23 19:19:53,043: INFO: data_transformation: Splited data into training and test sets]
[2024-06-23 19:19:53,044: INFO: data_transformation: (604, 12)]
[2024-06-23 19:19:53,044: INFO: data_transformation: (202, 12)]
[2024-06-23 19:19:53,045: INFO: main: >>>>>> stage Data Transformation stage completed <<<<<<

x==========x]
[2024-06-23 19:50:56,595: INFO: main: >>>>>> stage Data Ingestion stage started <<<<<<]
[2024-06-23 19:50:56,597: INFO: common: yaml file: config\config.yaml loaded successfully]
[2024-06-23 19:50:56,598: INFO: common: yaml file: params.yaml loaded successfully]
[2024-06-23 19:50:56,599: INFO: common: yaml file: schema.yaml loaded successfully]
[2024-06-23 19:50:56,599: INFO: common: created directory at: artifacts]
[2024-06-23 19:50:56,600: INFO: common: created directory at: artifacts/data_ingestion]
[2024-06-23 19:50:56,600: INFO: data_ingestion: File already exists of size: ~ 9 KB]
[2024-06-23 19:50:56,602: INFO: main: >>>>>> stage Data Ingestion stage completed <<<<<<

x==========x]
[2024-06-23 19:50:56,603: INFO: main: >>>>>> stage Data Validation stage started <<<<<<]
[2024-06-23 19:50:56,604: INFO: common: yaml file: config\config.yaml loaded successfully]
[2024-06-23 19:50:56,605: INFO: common: yaml file: params.yaml loaded successfully]
[2024-06-23 19:50:56,606: INFO: common: yaml file: schema.yaml loaded successfully]
[2024-06-23 19:50:56,607: INFO: common: created directory at: artifacts]
[2024-06-23 19:50:56,607: INFO: common: created directory at: artifacts/data_validation]
[2024-06-23 19:50:56,613: INFO: main: >>>>>> stage Data Validation stage completed <<<<<<

x==========x]
[2024-06-23 19:50:56,614: INFO: main: >>>>>> stage Data Transformation stage started <<<<<<]
[2024-06-23 19:50:56,616: INFO: common: yaml file: config\config.yaml loaded successfully]
[2024-06-23 19:50:56,617: INFO: common: yaml file: params.yaml loaded successfully]
[2024-06-23 19:50:56,617: INFO: common: yaml file: schema.yaml loaded successfully]
[2024-06-23 19:50:56,618: INFO: common: created directory at: artifacts]
[2024-06-23 19:50:56,618: INFO: common: created directory at: artifacts/data_transformation]
[2024-06-23 19:50:56,628: INFO: data_transformation: Splited data into training and test sets]
[2024-06-23 19:50:56,628: INFO: data_transformation: (604, 12)]
[2024-06-23 19:50:56,629: INFO: data_transformation: (202, 12)]
[2024-06-23 19:50:56,629: INFO: main: >>>>>> stage Data Transformation stage completed <<<<<<

x==========x]
[2024-06-23 19:50:56,629: INFO: main: >>>>>> stage Model Trainer stage started <<<<<<]
[2024-06-23 19:50:56,631: INFO: common: yaml file: config\config.yaml loaded successfully]
[2024-06-23 19:50:56,632: INFO: common: yaml file: params.yaml loaded successfully]
[2024-06-23 19:50:56,634: INFO: common: yaml file: schema.yaml loaded successfully]
[2024-06-23 19:50:56,634: INFO: common: created directory at: artifacts]
[2024-06-23 19:50:56,635: ERROR: main: "'ConfigBox' object has no attribute 'model_trainer'"]
Traceback (most recent call last):
  File "D:\1Semester 6\ML\Project\CO544-MLOPs\venv\Lib\site-packages\box\box.py", line 503, in __getitem__
    return super().__getitem__(item)
           ^^^^^^^^^^^^^^^^^^^^^^^^^
KeyError: 'model_trainer'

The above exception was the direct cause of the following exception:

Traceback (most recent call last):
  File "D:\1Semester 6\ML\Project\CO544-MLOPs\venv\Lib\site-packages\box\box.py", line 536, in __getattr__
    value = self.__getitem__(item, _ignore_default=True)
            ^^^^^^^^^^^^^^^^^^^^^^^^^^^^^^^^^^^^^^^^^^^^
  File "D:\1Semester 6\ML\Project\CO544-MLOPs\venv\Lib\site-packages\box\box.py", line 524, in __getitem__
    raise BoxKeyError(str(err)) from _exception_cause(err)
box.exceptions.BoxKeyError: "'model_trainer'"

During handling of the above exception, another exception occurred:

Traceback (most recent call last):
  File "D:\1Semester 6\ML\Project\CO544-MLOPs\venv\Lib\site-packages\box\box.py", line 538, in __getattr__
    value = object.__getattribute__(self, item)
            ^^^^^^^^^^^^^^^^^^^^^^^^^^^^^^^^^^^
AttributeError: 'ConfigBox' object has no attribute 'model_trainer'

The above exception was the direct cause of the following exception:

Traceback (most recent call last):
  File "D:\1Semester 6\ML\Project\CO544-MLOPs\venv\Lib\site-packages\box\config_box.py", line 28, in __getattr__
    return super().__getattr__(item)
           ^^^^^^^^^^^^^^^^^^^^^^^^^
  File "D:\1Semester 6\ML\Project\CO544-MLOPs\venv\Lib\site-packages\box\box.py", line 552, in __getattr__
    raise BoxKeyError(str(err)) from _exception_cause(err)
box.exceptions.BoxKeyError: "'ConfigBox' object has no attribute 'model_trainer'"

During handling of the above exception, another exception occurred:

Traceback (most recent call last):
  File "D:\1Semester 6\ML\Project\CO544-MLOPs\venv\Lib\site-packages\box\box.py", line 503, in __getitem__
    return super().__getitem__(item)
           ^^^^^^^^^^^^^^^^^^^^^^^^^
KeyError: 'model_trainer'

The above exception was the direct cause of the following exception:

Traceback (most recent call last):
  File "D:\1Semester 6\ML\Project\CO544-MLOPs\venv\Lib\site-packages\box\box.py", line 536, in __getattr__
    value = self.__getitem__(item, _ignore_default=True)
            ^^^^^^^^^^^^^^^^^^^^^^^^^^^^^^^^^^^^^^^^^^^^
  File "D:\1Semester 6\ML\Project\CO544-MLOPs\venv\Lib\site-packages\box\box.py", line 524, in __getitem__
    raise BoxKeyError(str(err)) from _exception_cause(err)
box.exceptions.BoxKeyError: "'model_trainer'"

During handling of the above exception, another exception occurred:

Traceback (most recent call last):
  File "D:\1Semester 6\ML\Project\CO544-MLOPs\venv\Lib\site-packages\box\box.py", line 538, in __getattr__
    value = object.__getattribute__(self, item)
            ^^^^^^^^^^^^^^^^^^^^^^^^^^^^^^^^^^^
AttributeError: 'ConfigBox' object has no attribute 'model_trainer'

The above exception was the direct cause of the following exception:

Traceback (most recent call last):
  File "d:\1Semester 6\ML\Project\CO544-MLOPs\main.py", line 45, in <module>
    data_ingestion.main()
  File "D:\1Semester 6\ML\Project\CO544-MLOPs\src\mlProject\pipeline\stage_04_model_trainer.py", line 15, in main
    model_trainer_config = config.get_model_trainer_config()
                           ^^^^^^^^^^^^^^^^^^^^^^^^^^^^^^^^^
  File "D:\1Semester 6\ML\Project\CO544-MLOPs\src\mlProject\config\configuration.py", line 65, in get_model_trainer_config
    config = self.config.model_trainer
             ^^^^^^^^^^^^^^^^^^^^^^^^^
  File "D:\1Semester 6\ML\Project\CO544-MLOPs\venv\Lib\site-packages\box\config_box.py", line 30, in __getattr__
    return super().__getattr__(item.lower())
           ^^^^^^^^^^^^^^^^^^^^^^^^^^^^^^^^^
  File "D:\1Semester 6\ML\Project\CO544-MLOPs\venv\Lib\site-packages\box\box.py", line 552, in __getattr__
    raise BoxKeyError(str(err)) from _exception_cause(err)
box.exceptions.BoxKeyError: "'ConfigBox' object has no attribute 'model_trainer'"
[2024-06-23 19:54:07,204: INFO: main: >>>>>> stage Data Ingestion stage started <<<<<<]
[2024-06-23 19:54:07,206: INFO: common: yaml file: config\config.yaml loaded successfully]
[2024-06-23 19:54:07,207: INFO: common: yaml file: params.yaml loaded successfully]
[2024-06-23 19:54:07,208: INFO: common: yaml file: schema.yaml loaded successfully]
[2024-06-23 19:54:07,208: INFO: common: created directory at: artifacts]
[2024-06-23 19:54:07,209: INFO: common: created directory at: artifacts/data_ingestion]
[2024-06-23 19:54:07,209: INFO: data_ingestion: File already exists of size: ~ 9 KB]
[2024-06-23 19:54:07,212: INFO: main: >>>>>> stage Data Ingestion stage completed <<<<<<

x==========x]
[2024-06-23 19:54:07,212: INFO: main: >>>>>> stage Data Validation stage started <<<<<<]
[2024-06-23 19:54:07,214: INFO: common: yaml file: config\config.yaml loaded successfully]
[2024-06-23 19:54:07,215: INFO: common: yaml file: params.yaml loaded successfully]
[2024-06-23 19:54:07,216: INFO: common: yaml file: schema.yaml loaded successfully]
[2024-06-23 19:54:07,216: INFO: common: created directory at: artifacts]
[2024-06-23 19:54:07,217: INFO: common: created directory at: artifacts/data_validation]
[2024-06-23 19:54:07,223: INFO: main: >>>>>> stage Data Validation stage completed <<<<<<

x==========x]
[2024-06-23 19:54:07,224: INFO: main: >>>>>> stage Data Transformation stage started <<<<<<]
[2024-06-23 19:54:07,226: INFO: common: yaml file: config\config.yaml loaded successfully]
[2024-06-23 19:54:07,227: INFO: common: yaml file: params.yaml loaded successfully]
[2024-06-23 19:54:07,229: INFO: common: yaml file: schema.yaml loaded successfully]
[2024-06-23 19:54:07,229: INFO: common: created directory at: artifacts]
[2024-06-23 19:54:07,230: INFO: common: created directory at: artifacts/data_transformation]
[2024-06-23 19:54:07,237: INFO: data_transformation: Splited data into training and test sets]
[2024-06-23 19:54:07,237: INFO: data_transformation: (604, 12)]
[2024-06-23 19:54:07,238: INFO: data_transformation: (202, 12)]
[2024-06-23 19:54:07,238: INFO: main: >>>>>> stage Data Transformation stage completed <<<<<<

x==========x]
[2024-06-23 19:54:07,239: INFO: main: >>>>>> stage Model Trainer stage started <<<<<<]
[2024-06-23 19:54:07,241: INFO: common: yaml file: config\config.yaml loaded successfully]
[2024-06-23 19:54:07,242: INFO: common: yaml file: params.yaml loaded successfully]
[2024-06-23 19:54:07,243: INFO: common: yaml file: schema.yaml loaded successfully]
[2024-06-23 19:54:07,244: INFO: common: created directory at: artifacts]
[2024-06-23 19:54:07,244: INFO: common: created directory at: artifacts/model_trainer]
[2024-06-23 19:54:07,258: ERROR: main: could not convert string to float: 'F']
Traceback (most recent call last):
  File "d:\1Semester 6\ML\Project\CO544-MLOPs\main.py", line 45, in <module>
    data_ingestion.main()
  File "D:\1Semester 6\ML\Project\CO544-MLOPs\src\mlProject\pipeline\stage_04_model_trainer.py", line 17, in main
    model_trainer_config.train()
  File "D:\1Semester 6\ML\Project\CO544-MLOPs\src\mlProject\components\model_trainer.py", line 25, in train
    lr.fit(train_x, train_y)
  File "D:\1Semester 6\ML\Project\CO544-MLOPs\venv\Lib\site-packages\sklearn\base.py", line 1473, in wrapper
    return fit_method(estimator, *args, **kwargs)
           ^^^^^^^^^^^^^^^^^^^^^^^^^^^^^^^^^^^^^^
  File "D:\1Semester 6\ML\Project\CO544-MLOPs\venv\Lib\site-packages\sklearn\linear_model\_coordinate_descent.py", line 980, in fit
    X, y = self._validate_data(
           ^^^^^^^^^^^^^^^^^^^^
  File "D:\1Semester 6\ML\Project\CO544-MLOPs\venv\Lib\site-packages\sklearn\base.py", line 650, in _validate_data
    X, y = check_X_y(X, y, **check_params)
           ^^^^^^^^^^^^^^^^^^^^^^^^^^^^^^^
  File "D:\1Semester 6\ML\Project\CO544-MLOPs\venv\Lib\site-packages\sklearn\utils\validation.py", line 1273, in check_X_y
    X = check_array(
        ^^^^^^^^^^^^
  File "D:\1Semester 6\ML\Project\CO544-MLOPs\venv\Lib\site-packages\sklearn\utils\validation.py", line 1007, in check_array
    array = _asarray_with_order(array, order=order, dtype=dtype, xp=xp)
            ^^^^^^^^^^^^^^^^^^^^^^^^^^^^^^^^^^^^^^^^^^^^^^^^^^^^^^^^^^^
  File "D:\1Semester 6\ML\Project\CO544-MLOPs\venv\Lib\site-packages\sklearn\utils\_array_api.py", line 746, in _asarray_with_order
    array = numpy.asarray(array, order=order, dtype=dtype)
            ^^^^^^^^^^^^^^^^^^^^^^^^^^^^^^^^^^^^^^^^^^^^^^
  File "D:\1Semester 6\ML\Project\CO544-MLOPs\venv\Lib\site-packages\pandas\core\generic.py", line 2153, in __array__
    arr = np.asarray(values, dtype=dtype)
          ^^^^^^^^^^^^^^^^^^^^^^^^^^^^^^^
ValueError: could not convert string to float: 'F'
[2024-06-23 19:56:31,783: INFO: stage_04_model_trainer: >>>>>> stage Model Trainer stage started <<<<<<]
[2024-06-23 19:56:31,785: INFO: common: yaml file: config\config.yaml loaded successfully]
[2024-06-23 19:56:31,786: INFO: common: yaml file: params.yaml loaded successfully]
[2024-06-23 19:56:31,787: INFO: common: yaml file: schema.yaml loaded successfully]
[2024-06-23 19:56:31,787: INFO: common: created directory at: artifacts]
[2024-06-23 19:56:31,788: INFO: common: created directory at: artifacts/model_trainer]
[2024-06-23 19:56:31,795: ERROR: stage_04_model_trainer: could not convert string to float: 'F']
Traceback (most recent call last):
  File "d:\1Semester 6\ML\Project\CO544-MLOPs\src\mlProject\pipeline\stage_04_model_trainer.py", line 26, in <module>
    obj.main()
  File "d:\1Semester 6\ML\Project\CO544-MLOPs\src\mlProject\pipeline\stage_04_model_trainer.py", line 17, in main
    model_trainer_config.train()
  File "D:\1Semester 6\ML\Project\CO544-MLOPs\src\mlProject\components\model_trainer.py", line 27, in train
    lr.fit(train_x, train_y)
  File "D:\1Semester 6\ML\Project\CO544-MLOPs\venv\Lib\site-packages\sklearn\base.py", line 1473, in wrapper
    return fit_method(estimator, *args, **kwargs)
           ^^^^^^^^^^^^^^^^^^^^^^^^^^^^^^^^^^^^^^
  File "D:\1Semester 6\ML\Project\CO544-MLOPs\venv\Lib\site-packages\sklearn\linear_model\_coordinate_descent.py", line 980, in fit
    X, y = self._validate_data(
           ^^^^^^^^^^^^^^^^^^^^
  File "D:\1Semester 6\ML\Project\CO544-MLOPs\venv\Lib\site-packages\sklearn\base.py", line 650, in _validate_data
    X, y = check_X_y(X, y, **check_params)
           ^^^^^^^^^^^^^^^^^^^^^^^^^^^^^^^
  File "D:\1Semester 6\ML\Project\CO544-MLOPs\venv\Lib\site-packages\sklearn\utils\validation.py", line 1273, in check_X_y
    X = check_array(
        ^^^^^^^^^^^^
  File "D:\1Semester 6\ML\Project\CO544-MLOPs\venv\Lib\site-packages\sklearn\utils\validation.py", line 1007, in check_array
    array = _asarray_with_order(array, order=order, dtype=dtype, xp=xp)
            ^^^^^^^^^^^^^^^^^^^^^^^^^^^^^^^^^^^^^^^^^^^^^^^^^^^^^^^^^^^
  File "D:\1Semester 6\ML\Project\CO544-MLOPs\venv\Lib\site-packages\sklearn\utils\_array_api.py", line 746, in _asarray_with_order
    array = numpy.asarray(array, order=order, dtype=dtype)
            ^^^^^^^^^^^^^^^^^^^^^^^^^^^^^^^^^^^^^^^^^^^^^^
  File "D:\1Semester 6\ML\Project\CO544-MLOPs\venv\Lib\site-packages\pandas\core\generic.py", line 2153, in __array__
    arr = np.asarray(values, dtype=dtype)
          ^^^^^^^^^^^^^^^^^^^^^^^^^^^^^^^
ValueError: could not convert string to float: 'F'
[2024-06-23 20:00:16,996: INFO: main: >>>>>> stage Data Ingestion stage started <<<<<<]
[2024-06-23 20:00:16,998: INFO: common: yaml file: config\config.yaml loaded successfully]
[2024-06-23 20:00:16,999: INFO: common: yaml file: params.yaml loaded successfully]
[2024-06-23 20:00:17,000: INFO: common: yaml file: schema.yaml loaded successfully]
[2024-06-23 20:00:17,001: INFO: common: created directory at: artifacts]
[2024-06-23 20:00:17,001: INFO: common: created directory at: artifacts/data_ingestion]
[2024-06-23 20:00:17,001: INFO: data_ingestion: File already exists of size: ~ 9 KB]
[2024-06-23 20:00:17,004: INFO: main: >>>>>> stage Data Ingestion stage completed <<<<<<

x==========x]
[2024-06-23 20:00:17,005: INFO: main: >>>>>> stage Data Validation stage started <<<<<<]
[2024-06-23 20:00:17,006: INFO: common: yaml file: config\config.yaml loaded successfully]
[2024-06-23 20:00:17,007: INFO: common: yaml file: params.yaml loaded successfully]
[2024-06-23 20:00:17,009: INFO: common: yaml file: schema.yaml loaded successfully]
[2024-06-23 20:00:17,009: INFO: common: created directory at: artifacts]
[2024-06-23 20:00:17,009: INFO: common: created directory at: artifacts/data_validation]
[2024-06-23 20:00:17,016: INFO: main: >>>>>> stage Data Validation stage completed <<<<<<

x==========x]
[2024-06-23 20:00:17,016: INFO: main: >>>>>> stage Data Transformation stage started <<<<<<]
[2024-06-23 20:00:17,019: INFO: common: yaml file: config\config.yaml loaded successfully]
[2024-06-23 20:00:17,021: INFO: common: yaml file: params.yaml loaded successfully]
[2024-06-23 20:00:17,022: INFO: common: yaml file: schema.yaml loaded successfully]
[2024-06-23 20:00:17,023: INFO: common: created directory at: artifacts]
[2024-06-23 20:00:17,023: INFO: common: created directory at: artifacts/data_transformation]
[2024-06-23 20:00:17,033: INFO: data_transformation: Splited data into training and test sets]
[2024-06-23 20:00:17,034: INFO: data_transformation: (604, 12)]
[2024-06-23 20:00:17,034: INFO: data_transformation: (202, 12)]
[2024-06-23 20:00:17,034: INFO: main: >>>>>> stage Data Transformation stage completed <<<<<<

x==========x]
[2024-06-23 20:00:17,035: INFO: main: >>>>>> stage Model Trainer stage started <<<<<<]
[2024-06-23 20:00:17,037: INFO: common: yaml file: config\config.yaml loaded successfully]
[2024-06-23 20:00:17,038: INFO: common: yaml file: params.yaml loaded successfully]
[2024-06-23 20:00:17,039: INFO: common: yaml file: schema.yaml loaded successfully]
[2024-06-23 20:00:17,040: INFO: common: created directory at: artifacts]
[2024-06-23 20:00:17,040: INFO: common: created directory at: artifacts/model_trainer]
[2024-06-23 20:00:17,047: ERROR: main: could not convert string to float: 'M']
Traceback (most recent call last):
  File "d:\1Semester 6\ML\Project\CO544-MLOPs\main.py", line 50, in <module>
    data_ingestion.main()
  File "D:\1Semester 6\ML\Project\CO544-MLOPs\src\mlProject\pipeline\stage_04_model_trainer.py", line 17, in main
    model_trainer_config.train()
  File "D:\1Semester 6\ML\Project\CO544-MLOPs\src\mlProject\components\model_trainer.py", line 27, in train
    lr.fit(train_x, train_y)
  File "D:\1Semester 6\ML\Project\CO544-MLOPs\venv\Lib\site-packages\sklearn\base.py", line 1473, in wrapper
    return fit_method(estimator, *args, **kwargs)
           ^^^^^^^^^^^^^^^^^^^^^^^^^^^^^^^^^^^^^^
  File "D:\1Semester 6\ML\Project\CO544-MLOPs\venv\Lib\site-packages\sklearn\linear_model\_coordinate_descent.py", line 980, in fit
    X, y = self._validate_data(
           ^^^^^^^^^^^^^^^^^^^^
  File "D:\1Semester 6\ML\Project\CO544-MLOPs\venv\Lib\site-packages\sklearn\base.py", line 650, in _validate_data
    X, y = check_X_y(X, y, **check_params)
           ^^^^^^^^^^^^^^^^^^^^^^^^^^^^^^^
  File "D:\1Semester 6\ML\Project\CO544-MLOPs\venv\Lib\site-packages\sklearn\utils\validation.py", line 1273, in check_X_y
    X = check_array(
        ^^^^^^^^^^^^
  File "D:\1Semester 6\ML\Project\CO544-MLOPs\venv\Lib\site-packages\sklearn\utils\validation.py", line 1007, in check_array
    array = _asarray_with_order(array, order=order, dtype=dtype, xp=xp)
            ^^^^^^^^^^^^^^^^^^^^^^^^^^^^^^^^^^^^^^^^^^^^^^^^^^^^^^^^^^^
  File "D:\1Semester 6\ML\Project\CO544-MLOPs\venv\Lib\site-packages\sklearn\utils\_array_api.py", line 746, in _asarray_with_order
    array = numpy.asarray(array, order=order, dtype=dtype)
            ^^^^^^^^^^^^^^^^^^^^^^^^^^^^^^^^^^^^^^^^^^^^^^
  File "D:\1Semester 6\ML\Project\CO544-MLOPs\venv\Lib\site-packages\pandas\core\generic.py", line 2153, in __array__
    arr = np.asarray(values, dtype=dtype)
          ^^^^^^^^^^^^^^^^^^^^^^^^^^^^^^^
ValueError: could not convert string to float: 'M'
[2024-06-23 20:04:23,801: INFO: main: >>>>>> stage Data Ingestion stage started <<<<<<]
[2024-06-23 20:04:23,804: INFO: common: yaml file: config\config.yaml loaded successfully]
[2024-06-23 20:04:23,804: INFO: common: yaml file: params.yaml loaded successfully]
[2024-06-23 20:04:23,806: INFO: common: yaml file: schema.yaml loaded successfully]
[2024-06-23 20:04:23,806: INFO: common: created directory at: artifacts]
[2024-06-23 20:04:23,806: INFO: common: created directory at: artifacts/data_ingestion]
[2024-06-23 20:04:23,807: INFO: data_ingestion: File already exists of size: ~ 9 KB]
[2024-06-23 20:04:23,810: INFO: main: >>>>>> stage Data Ingestion stage completed <<<<<<

x==========x]
[2024-06-23 20:04:23,810: INFO: main: >>>>>> stage Data Validation stage started <<<<<<]
[2024-06-23 20:04:23,811: INFO: common: yaml file: config\config.yaml loaded successfully]
[2024-06-23 20:04:23,812: INFO: common: yaml file: params.yaml loaded successfully]
[2024-06-23 20:04:23,814: INFO: common: yaml file: schema.yaml loaded successfully]
[2024-06-23 20:04:23,814: INFO: common: created directory at: artifacts]
[2024-06-23 20:04:23,815: INFO: common: created directory at: artifacts/data_validation]
[2024-06-23 20:04:23,825: INFO: main: >>>>>> stage Data Validation stage completed <<<<<<

x==========x]
[2024-06-23 20:04:23,826: INFO: main: >>>>>> stage Data Transformation stage started <<<<<<]
[2024-06-23 20:04:23,828: INFO: common: yaml file: config\config.yaml loaded successfully]
[2024-06-23 20:04:23,829: INFO: common: yaml file: params.yaml loaded successfully]
[2024-06-23 20:04:23,831: INFO: common: yaml file: schema.yaml loaded successfully]
[2024-06-23 20:04:23,831: INFO: common: created directory at: artifacts]
[2024-06-23 20:04:23,832: INFO: common: created directory at: artifacts/data_transformation]
[2024-06-23 20:04:23,840: INFO: data_transformation: Splited data into training and test sets]
[2024-06-23 20:04:23,840: INFO: data_transformation: (604, 12)]
[2024-06-23 20:04:23,840: INFO: data_transformation: (202, 12)]
[2024-06-23 20:04:23,841: INFO: main: >>>>>> stage Data Transformation stage completed <<<<<<

x==========x]
[2024-06-23 20:04:23,841: INFO: main: >>>>>> stage Model Trainer stage started <<<<<<]
[2024-06-23 20:04:23,843: INFO: common: yaml file: config\config.yaml loaded successfully]
[2024-06-23 20:04:23,844: INFO: common: yaml file: params.yaml loaded successfully]
[2024-06-23 20:04:23,846: INFO: common: yaml file: schema.yaml loaded successfully]
[2024-06-23 20:04:23,847: INFO: common: created directory at: artifacts]
[2024-06-23 20:04:23,847: INFO: common: created directory at: artifacts/model_trainer]
[2024-06-23 20:04:23,854: ERROR: main: could not convert string to float: 'M']
Traceback (most recent call last):
  File "d:\1Semester 6\ML\Project\CO544-MLOPs\main.py", line 50, in <module>
    data_ingestion.main()
  File "D:\1Semester 6\ML\Project\CO544-MLOPs\src\mlProject\pipeline\stage_04_model_trainer.py", line 17, in main
    model_trainer_config.train()
  File "D:\1Semester 6\ML\Project\CO544-MLOPs\src\mlProject\components\model_trainer.py", line 27, in train
    lr.fit(train_x, train_y)
  File "D:\1Semester 6\ML\Project\CO544-MLOPs\venv\Lib\site-packages\sklearn\base.py", line 1473, in wrapper
    return fit_method(estimator, *args, **kwargs)
           ^^^^^^^^^^^^^^^^^^^^^^^^^^^^^^^^^^^^^^
  File "D:\1Semester 6\ML\Project\CO544-MLOPs\venv\Lib\site-packages\sklearn\linear_model\_coordinate_descent.py", line 980, in fit
    X, y = self._validate_data(
           ^^^^^^^^^^^^^^^^^^^^
  File "D:\1Semester 6\ML\Project\CO544-MLOPs\venv\Lib\site-packages\sklearn\base.py", line 650, in _validate_data
    X, y = check_X_y(X, y, **check_params)
           ^^^^^^^^^^^^^^^^^^^^^^^^^^^^^^^
  File "D:\1Semester 6\ML\Project\CO544-MLOPs\venv\Lib\site-packages\sklearn\utils\validation.py", line 1273, in check_X_y
    X = check_array(
        ^^^^^^^^^^^^
  File "D:\1Semester 6\ML\Project\CO544-MLOPs\venv\Lib\site-packages\sklearn\utils\validation.py", line 1007, in check_array
    array = _asarray_with_order(array, order=order, dtype=dtype, xp=xp)
            ^^^^^^^^^^^^^^^^^^^^^^^^^^^^^^^^^^^^^^^^^^^^^^^^^^^^^^^^^^^
  File "D:\1Semester 6\ML\Project\CO544-MLOPs\venv\Lib\site-packages\sklearn\utils\_array_api.py", line 746, in _asarray_with_order
    array = numpy.asarray(array, order=order, dtype=dtype)
            ^^^^^^^^^^^^^^^^^^^^^^^^^^^^^^^^^^^^^^^^^^^^^^
  File "D:\1Semester 6\ML\Project\CO544-MLOPs\venv\Lib\site-packages\pandas\core\generic.py", line 2153, in __array__
    arr = np.asarray(values, dtype=dtype)
          ^^^^^^^^^^^^^^^^^^^^^^^^^^^^^^^
ValueError: could not convert string to float: 'M'
[2024-06-23 20:08:48,338: INFO: common: yaml file: config\config.yaml loaded successfully]
[2024-06-23 20:08:48,339: INFO: common: yaml file: params.yaml loaded successfully]
[2024-06-23 20:08:48,341: INFO: common: yaml file: schema.yaml loaded successfully]
[2024-06-23 20:08:48,343: INFO: common: created directory at: artifacts]
[2024-06-23 20:08:48,343: INFO: common: created directory at: artifacts/model_trainer]
[2024-06-23 20:11:06,732: INFO: common: created directory at: artifacts/model_trainer]
[2024-06-23 21:17:55,393: INFO: main: >>>>>> stage Data Ingestion stage started <<<<<<]
[2024-06-23 21:17:55,395: INFO: common: yaml file: config\config.yaml loaded successfully]
[2024-06-23 21:17:55,397: INFO: common: yaml file: params.yaml loaded successfully]
[2024-06-23 21:17:55,398: INFO: common: yaml file: schema.yaml loaded successfully]
[2024-06-23 21:17:55,399: INFO: common: created directory at: artifacts]
[2024-06-23 21:17:55,399: INFO: common: created directory at: artifacts/data_ingestion]
[2024-06-23 21:17:55,399: INFO: data_ingestion: File already exists of size: ~ 9 KB]
[2024-06-23 21:17:55,415: INFO: main: >>>>>> stage Data Ingestion stage completed <<<<<<

x==========x]
[2024-06-23 21:17:55,415: INFO: main: >>>>>> stage Data Validation stage started <<<<<<]
[2024-06-23 21:17:55,417: INFO: common: yaml file: config\config.yaml loaded successfully]
[2024-06-23 21:17:55,418: INFO: common: yaml file: params.yaml loaded successfully]
[2024-06-23 21:17:55,420: INFO: common: yaml file: schema.yaml loaded successfully]
[2024-06-23 21:17:55,420: INFO: common: created directory at: artifacts]
[2024-06-23 21:17:55,421: INFO: common: created directory at: artifacts/data_validation]
[2024-06-23 21:17:55,428: INFO: main: >>>>>> stage Data Validation stage completed <<<<<<

x==========x]
[2024-06-23 21:17:55,429: INFO: main: >>>>>> stage Data Transformation stage started <<<<<<]
[2024-06-23 21:17:55,431: INFO: common: yaml file: config\config.yaml loaded successfully]
[2024-06-23 21:17:55,432: INFO: common: yaml file: params.yaml loaded successfully]
[2024-06-23 21:17:55,433: INFO: common: yaml file: schema.yaml loaded successfully]
[2024-06-23 21:17:55,433: INFO: common: created directory at: artifacts]
[2024-06-23 21:17:55,434: INFO: common: created directory at: artifacts/data_transformation]
[2024-06-23 21:17:55,448: INFO: data_transformation: Splited data into training and test sets]
[2024-06-23 21:17:55,448: INFO: data_transformation: (604, 12)]
[2024-06-23 21:17:55,449: INFO: data_transformation: (202, 12)]
[2024-06-23 21:17:55,450: INFO: main: >>>>>> stage Data Transformation stage completed <<<<<<

x==========x]
[2024-06-23 21:17:55,450: INFO: main: >>>>>> stage Model Trainer stage started <<<<<<]
[2024-06-23 21:17:55,452: INFO: common: yaml file: config\config.yaml loaded successfully]
[2024-06-23 21:17:55,453: INFO: common: yaml file: params.yaml loaded successfully]
[2024-06-23 21:17:55,454: INFO: common: yaml file: schema.yaml loaded successfully]
[2024-06-23 21:17:55,455: INFO: common: created directory at: artifacts]
[2024-06-23 21:17:55,455: INFO: common: created directory at: artifacts/model_trainer]
[2024-06-23 21:17:55,463: ERROR: main: could not convert string to float: 'M']
Traceback (most recent call last):
  File "d:\1Semester 6\ML\Project\CO544-MLOPs\main.py", line 50, in <module>
    data_ingestion.main()
  File "D:\1Semester 6\ML\Project\CO544-MLOPs\src\mlProject\pipeline\stage_04_model_trainer.py", line 17, in main
    model_trainer_config.train()
  File "D:\1Semester 6\ML\Project\CO544-MLOPs\src\mlProject\components\model_trainer.py", line 27, in train
    lr.fit(train_x, train_y)
  File "D:\1Semester 6\ML\Project\CO544-MLOPs\venv\Lib\site-packages\sklearn\base.py", line 1473, in wrapper
    return fit_method(estimator, *args, **kwargs)
           ^^^^^^^^^^^^^^^^^^^^^^^^^^^^^^^^^^^^^^
  File "D:\1Semester 6\ML\Project\CO544-MLOPs\venv\Lib\site-packages\sklearn\linear_model\_coordinate_descent.py", line 980, in fit
    X, y = self._validate_data(
           ^^^^^^^^^^^^^^^^^^^^
  File "D:\1Semester 6\ML\Project\CO544-MLOPs\venv\Lib\site-packages\sklearn\base.py", line 650, in _validate_data
    X, y = check_X_y(X, y, **check_params)
           ^^^^^^^^^^^^^^^^^^^^^^^^^^^^^^^
  File "D:\1Semester 6\ML\Project\CO544-MLOPs\venv\Lib\site-packages\sklearn\utils\validation.py", line 1273, in check_X_y
    X = check_array(
        ^^^^^^^^^^^^
  File "D:\1Semester 6\ML\Project\CO544-MLOPs\venv\Lib\site-packages\sklearn\utils\validation.py", line 1007, in check_array
    array = _asarray_with_order(array, order=order, dtype=dtype, xp=xp)
            ^^^^^^^^^^^^^^^^^^^^^^^^^^^^^^^^^^^^^^^^^^^^^^^^^^^^^^^^^^^
  File "D:\1Semester 6\ML\Project\CO544-MLOPs\venv\Lib\site-packages\sklearn\utils\_array_api.py", line 746, in _asarray_with_order
    array = numpy.asarray(array, order=order, dtype=dtype)
            ^^^^^^^^^^^^^^^^^^^^^^^^^^^^^^^^^^^^^^^^^^^^^^
  File "D:\1Semester 6\ML\Project\CO544-MLOPs\venv\Lib\site-packages\pandas\core\generic.py", line 2153, in __array__
    arr = np.asarray(values, dtype=dtype)
          ^^^^^^^^^^^^^^^^^^^^^^^^^^^^^^^
ValueError: could not convert string to float: 'M'
[2024-06-23 21:20:33,499: INFO: main: >>>>>> stage Data Ingestion stage started <<<<<<]
[2024-06-23 21:20:33,501: INFO: common: yaml file: config\config.yaml loaded successfully]
[2024-06-23 21:20:33,502: INFO: common: yaml file: params.yaml loaded successfully]
[2024-06-23 21:20:33,503: INFO: common: yaml file: schema.yaml loaded successfully]
[2024-06-23 21:20:33,504: INFO: common: created directory at: artifacts]
[2024-06-23 21:20:33,504: INFO: common: created directory at: artifacts/data_ingestion]
[2024-06-23 21:20:33,505: INFO: data_ingestion: File already exists of size: ~ 9 KB]
[2024-06-23 21:20:33,507: INFO: main: >>>>>> stage Data Ingestion stage completed <<<<<<

x==========x]
[2024-06-23 21:20:33,508: INFO: main: >>>>>> stage Data Validation stage started <<<<<<]
[2024-06-23 21:20:33,510: INFO: common: yaml file: config\config.yaml loaded successfully]
[2024-06-23 21:20:33,511: INFO: common: yaml file: params.yaml loaded successfully]
[2024-06-23 21:20:33,512: INFO: common: yaml file: schema.yaml loaded successfully]
[2024-06-23 21:20:33,513: INFO: common: created directory at: artifacts]
[2024-06-23 21:20:33,513: INFO: common: created directory at: artifacts/data_validation]
[2024-06-23 21:20:33,520: INFO: main: >>>>>> stage Data Validation stage completed <<<<<<

x==========x]
[2024-06-23 21:20:33,521: INFO: main: >>>>>> stage Data Transformation stage started <<<<<<]
[2024-06-23 21:20:33,523: INFO: common: yaml file: config\config.yaml loaded successfully]
[2024-06-23 21:20:33,524: INFO: common: yaml file: params.yaml loaded successfully]
[2024-06-23 21:20:33,525: INFO: common: yaml file: schema.yaml loaded successfully]
[2024-06-23 21:20:33,525: INFO: common: created directory at: artifacts]
[2024-06-23 21:20:33,526: INFO: common: created directory at: artifacts/data_transformation]
[2024-06-23 21:20:33,534: INFO: data_transformation: Splited data into training and test sets]
[2024-06-23 21:20:33,534: INFO: data_transformation: (604, 12)]
[2024-06-23 21:20:33,535: INFO: data_transformation: (202, 12)]
[2024-06-23 21:20:33,535: INFO: main: >>>>>> stage Data Transformation stage completed <<<<<<

x==========x]
[2024-06-23 21:20:33,536: INFO: main: >>>>>> stage Model Trainer stage started <<<<<<]
[2024-06-23 21:20:33,538: INFO: common: yaml file: config\config.yaml loaded successfully]
[2024-06-23 21:20:33,538: INFO: common: yaml file: params.yaml loaded successfully]
[2024-06-23 21:20:33,539: INFO: common: yaml file: schema.yaml loaded successfully]
[2024-06-23 21:20:33,540: INFO: common: created directory at: artifacts]
[2024-06-23 21:20:33,540: INFO: common: created directory at: artifacts/model_trainer]
[2024-06-23 21:20:33,547: ERROR: main: could not convert string to float: 'M']
Traceback (most recent call last):
  File "d:\1Semester 6\ML\Project\CO544-MLOPs\main.py", line 50, in <module>
    data_ingestion.main()
  File "D:\1Semester 6\ML\Project\CO544-MLOPs\src\mlProject\pipeline\stage_04_model_trainer.py", line 17, in main
    model_trainer_config.train()
  File "D:\1Semester 6\ML\Project\CO544-MLOPs\src\mlProject\components\model_trainer.py", line 27, in train
    lr.fit(train_x, train_y)
  File "D:\1Semester 6\ML\Project\CO544-MLOPs\venv\Lib\site-packages\sklearn\base.py", line 1473, in wrapper
    return fit_method(estimator, *args, **kwargs)
           ^^^^^^^^^^^^^^^^^^^^^^^^^^^^^^^^^^^^^^
  File "D:\1Semester 6\ML\Project\CO544-MLOPs\venv\Lib\site-packages\sklearn\linear_model\_coordinate_descent.py", line 980, in fit
    X, y = self._validate_data(
           ^^^^^^^^^^^^^^^^^^^^
  File "D:\1Semester 6\ML\Project\CO544-MLOPs\venv\Lib\site-packages\sklearn\base.py", line 650, in _validate_data
    X, y = check_X_y(X, y, **check_params)
           ^^^^^^^^^^^^^^^^^^^^^^^^^^^^^^^
  File "D:\1Semester 6\ML\Project\CO544-MLOPs\venv\Lib\site-packages\sklearn\utils\validation.py", line 1273, in check_X_y
    X = check_array(
        ^^^^^^^^^^^^
  File "D:\1Semester 6\ML\Project\CO544-MLOPs\venv\Lib\site-packages\sklearn\utils\validation.py", line 1007, in check_array
    array = _asarray_with_order(array, order=order, dtype=dtype, xp=xp)
            ^^^^^^^^^^^^^^^^^^^^^^^^^^^^^^^^^^^^^^^^^^^^^^^^^^^^^^^^^^^
  File "D:\1Semester 6\ML\Project\CO544-MLOPs\venv\Lib\site-packages\sklearn\utils\_array_api.py", line 746, in _asarray_with_order
    array = numpy.asarray(array, order=order, dtype=dtype)
            ^^^^^^^^^^^^^^^^^^^^^^^^^^^^^^^^^^^^^^^^^^^^^^
  File "D:\1Semester 6\ML\Project\CO544-MLOPs\venv\Lib\site-packages\pandas\core\generic.py", line 2153, in __array__
    arr = np.asarray(values, dtype=dtype)
          ^^^^^^^^^^^^^^^^^^^^^^^^^^^^^^^
ValueError: could not convert string to float: 'M'
[2024-06-23 21:22:02,566: INFO: main: >>>>>> stage Data Ingestion stage started <<<<<<]
[2024-06-23 21:22:02,569: INFO: common: yaml file: config\config.yaml loaded successfully]
[2024-06-23 21:22:02,569: INFO: common: yaml file: params.yaml loaded successfully]
[2024-06-23 21:22:02,571: INFO: common: yaml file: schema.yaml loaded successfully]
[2024-06-23 21:22:02,571: INFO: common: created directory at: artifacts]
[2024-06-23 21:22:02,572: INFO: common: created directory at: artifacts/data_ingestion]
[2024-06-23 21:22:02,572: INFO: data_ingestion: File already exists of size: ~ 9 KB]
[2024-06-23 21:22:02,575: INFO: main: >>>>>> stage Data Ingestion stage completed <<<<<<

x==========x]
[2024-06-23 21:22:02,575: INFO: main: >>>>>> stage Data Validation stage started <<<<<<]
[2024-06-23 21:22:02,577: INFO: common: yaml file: config\config.yaml loaded successfully]
[2024-06-23 21:22:02,578: INFO: common: yaml file: params.yaml loaded successfully]
[2024-06-23 21:22:02,579: INFO: common: yaml file: schema.yaml loaded successfully]
[2024-06-23 21:22:02,580: INFO: common: created directory at: artifacts]
[2024-06-23 21:22:02,580: INFO: common: created directory at: artifacts/data_validation]
[2024-06-23 21:22:02,588: INFO: main: >>>>>> stage Data Validation stage completed <<<<<<

x==========x]
[2024-06-23 21:22:02,588: INFO: main: >>>>>> stage Data Transformation stage started <<<<<<]
[2024-06-23 21:22:02,591: INFO: common: yaml file: config\config.yaml loaded successfully]
[2024-06-23 21:22:02,592: INFO: common: yaml file: params.yaml loaded successfully]
[2024-06-23 21:22:02,593: INFO: common: yaml file: schema.yaml loaded successfully]
[2024-06-23 21:22:02,594: INFO: common: created directory at: artifacts]
[2024-06-23 21:22:02,594: INFO: common: created directory at: artifacts/data_transformation]
[2024-06-23 21:22:02,598: INFO: data_transformation: Splited data into training and test sets]
[2024-06-23 21:22:02,598: INFO: data_transformation: (604, 12)]
[2024-06-23 21:22:02,598: INFO: data_transformation: (202, 12)]
[2024-06-23 21:22:02,599: INFO: main: >>>>>> stage Data Transformation stage completed <<<<<<

x==========x]
[2024-06-23 21:22:02,600: INFO: main: >>>>>> stage Model Trainer stage started <<<<<<]
[2024-06-23 21:22:02,602: INFO: common: yaml file: config\config.yaml loaded successfully]
[2024-06-23 21:22:02,602: INFO: common: yaml file: params.yaml loaded successfully]
[2024-06-23 21:22:02,604: INFO: common: yaml file: schema.yaml loaded successfully]
[2024-06-23 21:22:02,605: INFO: common: created directory at: artifacts]
[2024-06-23 21:22:02,605: INFO: common: created directory at: artifacts/model_trainer]
[2024-06-23 21:22:02,630: INFO: main: >>>>>> stage Model Trainer stage completed <<<<<<

x==========x]
[2024-06-24 11:39:45,937: INFO: common: yaml file: config\config.yaml loaded successfully]
[2024-06-24 11:39:45,938: INFO: common: yaml file: params.yaml loaded successfully]
[2024-06-24 11:39:45,940: INFO: common: yaml file: schema.yaml loaded successfully]
[2024-06-24 11:39:45,941: INFO: common: created directory at: artifacts]
[2024-06-24 11:39:45,942: INFO: common: created directory at: artifacts/model_evaluation]
[2024-06-24 11:39:47,247: INFO: common: json file saved at: artifacts\model_evaluation\metrics.json]
[2024-06-24 13:52:40,209: INFO: main: >>>>>> stage Data Ingestion stage started <<<<<<]
[2024-06-24 13:52:40,212: INFO: common: yaml file: config\config.yaml loaded successfully]
[2024-06-24 13:52:40,213: INFO: common: yaml file: params.yaml loaded successfully]
[2024-06-24 13:52:40,214: INFO: common: yaml file: schema.yaml loaded successfully]
[2024-06-24 13:52:40,215: INFO: common: created directory at: artifacts]
[2024-06-24 13:52:40,215: INFO: common: created directory at: artifacts/data_ingestion]
[2024-06-24 13:52:40,216: INFO: data_ingestion: File already exists of size: ~ 9 KB]
[2024-06-24 13:52:40,220: INFO: main: >>>>>> stage Data Ingestion stage completed <<<<<<

x==========x]
[2024-06-24 13:52:40,220: INFO: main: >>>>>> stage Data Validation stage started <<<<<<]
[2024-06-24 13:52:40,223: INFO: common: yaml file: config\config.yaml loaded successfully]
[2024-06-24 13:52:40,224: INFO: common: yaml file: params.yaml loaded successfully]
[2024-06-24 13:52:40,226: INFO: common: yaml file: schema.yaml loaded successfully]
[2024-06-24 13:52:40,226: INFO: common: created directory at: artifacts]
[2024-06-24 13:52:40,227: INFO: common: created directory at: artifacts/data_validation]
[2024-06-24 13:52:40,234: INFO: main: >>>>>> stage Data Validation stage completed <<<<<<

x==========x]
[2024-06-24 13:52:40,234: INFO: main: >>>>>> stage Data Transformation stage started <<<<<<]
[2024-06-24 13:52:40,237: INFO: common: yaml file: config\config.yaml loaded successfully]
[2024-06-24 13:52:40,238: INFO: common: yaml file: params.yaml loaded successfully]
[2024-06-24 13:52:40,239: INFO: common: yaml file: schema.yaml loaded successfully]
[2024-06-24 13:52:40,239: INFO: common: created directory at: artifacts]
[2024-06-24 13:52:40,240: INFO: common: created directory at: artifacts/data_transformation]
[2024-06-24 13:52:40,251: INFO: data_transformation: Splitting the data into training and testing sets(80% / 20%)]
[2024-06-24 13:52:40,252: INFO: data_transformation: (644, 11)]
[2024-06-24 13:52:40,252: INFO: data_transformation: (162, 11)]
[2024-06-24 13:52:40,280: INFO: data_transformation: Saved on the directory artifacts/data_transformation]
[2024-06-24 13:52:40,296: INFO: main: >>>>>> stage Data Transformation stage completed <<<<<<

x==========x]
[2024-06-24 13:52:40,296: INFO: main: >>>>>> stage Model Trainer stage started <<<<<<]
[2024-06-24 13:52:40,298: INFO: common: yaml file: config\config.yaml loaded successfully]
[2024-06-24 13:52:40,299: INFO: common: yaml file: params.yaml loaded successfully]
[2024-06-24 13:52:40,301: INFO: common: yaml file: schema.yaml loaded successfully]
[2024-06-24 13:52:40,301: INFO: common: created directory at: artifacts]
[2024-06-24 13:52:40,302: INFO: common: created directory at: artifacts/model_trainer]
[2024-06-24 13:52:40,311: ERROR: main: Input X contains NaN.
ElasticNet does not accept missing values encoded as NaN natively. For supervised learning, you might want to consider sklearn.ensemble.HistGradientBoostingClassifier and Regressor which accept missing values encoded as NaNs natively. Alternatively, it is possible to preprocess the data, for instance by using an imputer transformer in a pipeline or drop samples with missing values. See https://scikit-learn.org/stable/modules/impute.html You can find a list of all estimators that handle NaN values at the following page: https://scikit-learn.org/stable/modules/impute.html#estimators-that-handle-nan-values]
Traceback (most recent call last):
  File "d:\1Semester 6\ML\Project\CO544-MLOPs\main.py", line 50, in <module>
    data_ingestion.main()
  File "D:\1Semester 6\ML\Project\CO544-MLOPs\src\mlProject\pipeline\stage_04_model_trainer.py", line 17, in main
    model_trainer_config.train()
  File "D:\1Semester 6\ML\Project\CO544-MLOPs\src\mlProject\components\model_trainer.py", line 27, in train
    lr.fit(train_x, train_y)
  File "D:\1Semester 6\ML\Project\CO544-MLOPs\venv\Lib\site-packages\sklearn\base.py", line 1473, in wrapper
    return fit_method(estimator, *args, **kwargs)
           ^^^^^^^^^^^^^^^^^^^^^^^^^^^^^^^^^^^^^^
  File "D:\1Semester 6\ML\Project\CO544-MLOPs\venv\Lib\site-packages\sklearn\linear_model\_coordinate_descent.py", line 980, in fit
    X, y = self._validate_data(
           ^^^^^^^^^^^^^^^^^^^^
  File "D:\1Semester 6\ML\Project\CO544-MLOPs\venv\Lib\site-packages\sklearn\base.py", line 650, in _validate_data
    X, y = check_X_y(X, y, **check_params)
           ^^^^^^^^^^^^^^^^^^^^^^^^^^^^^^^
  File "D:\1Semester 6\ML\Project\CO544-MLOPs\venv\Lib\site-packages\sklearn\utils\validation.py", line 1273, in check_X_y
    X = check_array(
        ^^^^^^^^^^^^
  File "D:\1Semester 6\ML\Project\CO544-MLOPs\venv\Lib\site-packages\sklearn\utils\validation.py", line 1059, in check_array
    _assert_all_finite(
  File "D:\1Semester 6\ML\Project\CO544-MLOPs\venv\Lib\site-packages\sklearn\utils\validation.py", line 126, in _assert_all_finite
    _assert_all_finite_element_wise(
  File "D:\1Semester 6\ML\Project\CO544-MLOPs\venv\Lib\site-packages\sklearn\utils\validation.py", line 175, in _assert_all_finite_element_wise
    raise ValueError(msg_err)
ValueError: Input X contains NaN.
ElasticNet does not accept missing values encoded as NaN natively. For supervised learning, you might want to consider sklearn.ensemble.HistGradientBoostingClassifier and Regressor which accept missing values encoded as NaNs natively. Alternatively, it is possible to preprocess the data, for instance by using an imputer transformer in a pipeline or drop samples with missing values. See https://scikit-learn.org/stable/modules/impute.html You can find a list of all estimators that handle NaN values at the following page: https://scikit-learn.org/stable/modules/impute.html#estimators-that-handle-nan-values
[2024-06-24 13:55:56,980: INFO: main: >>>>>> stage Data Ingestion stage started <<<<<<]
[2024-06-24 13:55:56,982: INFO: common: yaml file: config\config.yaml loaded successfully]
[2024-06-24 13:55:56,983: INFO: common: yaml file: params.yaml loaded successfully]
[2024-06-24 13:55:56,984: INFO: common: yaml file: schema.yaml loaded successfully]
[2024-06-24 13:55:56,985: INFO: common: created directory at: artifacts]
[2024-06-24 13:55:56,985: INFO: common: created directory at: artifacts/data_ingestion]
[2024-06-24 13:55:56,986: INFO: data_ingestion: File already exists of size: ~ 9 KB]
[2024-06-24 13:55:56,988: INFO: main: >>>>>> stage Data Ingestion stage completed <<<<<<

x==========x]
[2024-06-24 13:55:56,988: INFO: main: >>>>>> stage Data Validation stage started <<<<<<]
[2024-06-24 13:55:56,990: INFO: common: yaml file: config\config.yaml loaded successfully]
[2024-06-24 13:55:56,991: INFO: common: yaml file: params.yaml loaded successfully]
[2024-06-24 13:55:56,993: INFO: common: yaml file: schema.yaml loaded successfully]
[2024-06-24 13:55:56,993: INFO: common: created directory at: artifacts]
[2024-06-24 13:55:56,994: INFO: common: created directory at: artifacts/data_validation]
[2024-06-24 13:55:56,999: INFO: main: >>>>>> stage Data Validation stage completed <<<<<<

x==========x]
[2024-06-24 13:55:57,000: INFO: main: >>>>>> stage Data Transformation stage started <<<<<<]
[2024-06-24 13:55:57,002: INFO: common: yaml file: config\config.yaml loaded successfully]
[2024-06-24 13:55:57,003: INFO: common: yaml file: params.yaml loaded successfully]
[2024-06-24 13:55:57,004: INFO: common: yaml file: schema.yaml loaded successfully]
[2024-06-24 13:55:57,005: INFO: common: created directory at: artifacts]
[2024-06-24 13:55:57,005: INFO: common: created directory at: artifacts/data_transformation]
[2024-06-24 13:55:57,010: INFO: data_transformation: Splitting the data into training and testing sets(80% / 20%)]
[2024-06-24 13:55:57,011: INFO: data_transformation: (644, 11)]
[2024-06-24 13:55:57,011: INFO: data_transformation: (162, 11)]
[2024-06-24 13:55:57,029: INFO: data_transformation: Saved on the directory artifacts/data_transformation]
[2024-06-24 13:55:57,037: INFO: main: >>>>>> stage Data Transformation stage completed <<<<<<

x==========x]
[2024-06-24 13:55:57,037: INFO: main: >>>>>> stage Model Trainer stage started <<<<<<]
[2024-06-24 13:55:57,038: INFO: common: yaml file: config\config.yaml loaded successfully]
[2024-06-24 13:55:57,039: INFO: common: yaml file: params.yaml loaded successfully]
[2024-06-24 13:55:57,040: INFO: common: yaml file: schema.yaml loaded successfully]
[2024-06-24 13:55:57,041: INFO: common: created directory at: artifacts]
[2024-06-24 13:55:57,041: INFO: common: created directory at: artifacts/model_trainer]
[2024-06-24 13:55:57,056: INFO: main: >>>>>> stage Model Trainer stage completed <<<<<<

x==========x]
[2024-06-24 14:22:24,665: INFO: main: >>>>>> stage Data Ingestion stage started <<<<<<]
[2024-06-24 14:22:24,667: INFO: common: yaml file: config\config.yaml loaded successfully]
[2024-06-24 14:22:24,669: INFO: common: yaml file: params.yaml loaded successfully]
[2024-06-24 14:22:24,670: INFO: common: yaml file: schema.yaml loaded successfully]
[2024-06-24 14:22:24,671: INFO: common: created directory at: artifacts]
[2024-06-24 14:22:24,671: INFO: common: created directory at: artifacts/data_ingestion]
[2024-06-24 14:22:24,672: INFO: data_ingestion: File already exists of size: ~ 9 KB]
[2024-06-24 14:22:24,677: INFO: main: >>>>>> stage Data Ingestion stage completed <<<<<<

x==========x]
[2024-06-24 14:22:24,677: INFO: main: >>>>>> stage Data Validation stage started <<<<<<]
[2024-06-24 14:22:24,679: INFO: common: yaml file: config\config.yaml loaded successfully]
[2024-06-24 14:22:24,680: INFO: common: yaml file: params.yaml loaded successfully]
[2024-06-24 14:22:24,681: INFO: common: yaml file: schema.yaml loaded successfully]
[2024-06-24 14:22:24,681: INFO: common: created directory at: artifacts]
[2024-06-24 14:22:24,682: INFO: common: created directory at: artifacts/data_validation]
[2024-06-24 14:22:24,689: INFO: main: >>>>>> stage Data Validation stage completed <<<<<<

x==========x]
[2024-06-24 14:22:24,689: INFO: main: >>>>>> stage Data Transformation stage started <<<<<<]
[2024-06-24 14:22:24,691: INFO: common: yaml file: config\config.yaml loaded successfully]
[2024-06-24 14:22:24,692: INFO: common: yaml file: params.yaml loaded successfully]
[2024-06-24 14:22:24,694: INFO: common: yaml file: schema.yaml loaded successfully]
[2024-06-24 14:22:24,694: INFO: common: created directory at: artifacts]
[2024-06-24 14:22:24,695: INFO: common: created directory at: artifacts/data_transformation]
[2024-06-24 14:22:24,707: INFO: data_transformation: Splitting the data into training and testing sets(80% / 20%)]
[2024-06-24 14:22:24,708: INFO: data_transformation: (644, 11)]
[2024-06-24 14:22:24,708: INFO: data_transformation: (162, 11)]
[2024-06-24 14:22:24,729: INFO: data_transformation: Saved on the directory artifacts/data_transformation]
[2024-06-24 14:22:24,741: INFO: main: >>>>>> stage Data Transformation stage completed <<<<<<

x==========x]
[2024-06-24 14:22:24,741: INFO: main: >>>>>> stage Model Trainer stage started <<<<<<]
[2024-06-24 14:22:24,743: INFO: common: yaml file: config\config.yaml loaded successfully]
[2024-06-24 14:22:24,745: INFO: common: yaml file: params.yaml loaded successfully]
[2024-06-24 14:22:24,745: INFO: common: yaml file: schema.yaml loaded successfully]
[2024-06-24 14:22:24,745: INFO: common: created directory at: artifacts]
[2024-06-24 14:22:24,746: INFO: common: created directory at: artifacts/model_trainer]
[2024-06-24 14:22:24,765: INFO: main: >>>>>> stage Model Trainer stage completed <<<<<<

x==========x]
[2024-06-24 14:24:30,436: INFO: main: >>>>>> stage Data Ingestion stage started <<<<<<]
[2024-06-24 14:24:30,439: INFO: common: yaml file: config\config.yaml loaded successfully]
[2024-06-24 14:24:30,441: INFO: common: yaml file: params.yaml loaded successfully]
[2024-06-24 14:24:30,443: INFO: common: yaml file: schema.yaml loaded successfully]
[2024-06-24 14:24:30,443: INFO: common: created directory at: artifacts]
[2024-06-24 14:24:30,444: INFO: common: created directory at: artifacts/data_ingestion]
[2024-06-24 14:24:30,444: INFO: data_ingestion: File already exists of size: ~ 9 KB]
[2024-06-24 14:24:30,448: INFO: main: >>>>>> stage Data Ingestion stage completed <<<<<<

x==========x]
[2024-06-24 14:24:30,448: INFO: main: >>>>>> stage Data Validation stage started <<<<<<]
[2024-06-24 14:24:30,451: INFO: common: yaml file: config\config.yaml loaded successfully]
[2024-06-24 14:24:30,452: INFO: common: yaml file: params.yaml loaded successfully]
[2024-06-24 14:24:30,454: INFO: common: yaml file: schema.yaml loaded successfully]
[2024-06-24 14:24:30,455: INFO: common: created directory at: artifacts]
[2024-06-24 14:24:30,455: INFO: common: created directory at: artifacts/data_validation]
[2024-06-24 14:24:30,466: INFO: main: >>>>>> stage Data Validation stage completed <<<<<<

x==========x]
[2024-06-24 14:24:30,467: INFO: main: >>>>>> stage Data Transformation stage started <<<<<<]
[2024-06-24 14:24:30,470: INFO: common: yaml file: config\config.yaml loaded successfully]
[2024-06-24 14:24:30,471: INFO: common: yaml file: params.yaml loaded successfully]
[2024-06-24 14:24:30,473: INFO: common: yaml file: schema.yaml loaded successfully]
[2024-06-24 14:24:30,474: INFO: common: created directory at: artifacts]
[2024-06-24 14:24:30,475: INFO: common: created directory at: artifacts/data_transformation]
[2024-06-24 14:24:30,487: INFO: data_transformation: Splitting the data into training and testing sets(80% / 20%)]
[2024-06-24 14:24:30,487: INFO: data_transformation: (644, 11)]
[2024-06-24 14:24:30,488: INFO: data_transformation: (162, 11)]
[2024-06-24 14:24:30,507: INFO: main: >>>>>> stage Data Transformation stage completed <<<<<<

x==========x]
[2024-06-24 14:24:30,507: INFO: main: >>>>>> stage Model Trainer stage started <<<<<<]
[2024-06-24 14:24:30,510: INFO: common: yaml file: config\config.yaml loaded successfully]
[2024-06-24 14:24:30,512: INFO: common: yaml file: params.yaml loaded successfully]
[2024-06-24 14:24:30,513: INFO: common: yaml file: schema.yaml loaded successfully]
[2024-06-24 14:24:30,514: INFO: common: created directory at: artifacts]
[2024-06-24 14:24:30,514: INFO: common: created directory at: artifacts/model_trainer]
[2024-06-24 14:24:30,531: INFO: main: >>>>>> stage Model Trainer stage completed <<<<<<

x==========x]
[2024-06-24 14:26:09,888: INFO: main: >>>>>> stage Data Ingestion stage started <<<<<<]
[2024-06-24 14:26:09,891: INFO: common: yaml file: config\config.yaml loaded successfully]
[2024-06-24 14:26:09,892: INFO: common: yaml file: params.yaml loaded successfully]
[2024-06-24 14:26:09,893: INFO: common: yaml file: schema.yaml loaded successfully]
[2024-06-24 14:26:09,894: INFO: common: created directory at: artifacts]
[2024-06-24 14:26:09,894: INFO: common: created directory at: artifacts/data_ingestion]
[2024-06-24 14:26:09,895: INFO: data_ingestion: File already exists of size: ~ 9 KB]
[2024-06-24 14:26:09,897: INFO: main: >>>>>> stage Data Ingestion stage completed <<<<<<

x==========x]
[2024-06-24 14:26:09,897: INFO: main: >>>>>> stage Data Validation stage started <<<<<<]
[2024-06-24 14:26:09,899: INFO: common: yaml file: config\config.yaml loaded successfully]
[2024-06-24 14:26:09,900: INFO: common: yaml file: params.yaml loaded successfully]
[2024-06-24 14:26:09,901: INFO: common: yaml file: schema.yaml loaded successfully]
[2024-06-24 14:26:09,902: INFO: common: created directory at: artifacts]
[2024-06-24 14:26:09,902: INFO: common: created directory at: artifacts/data_validation]
[2024-06-24 14:26:09,908: INFO: main: >>>>>> stage Data Validation stage completed <<<<<<

x==========x]
[2024-06-24 14:26:09,909: INFO: main: >>>>>> stage Data Transformation stage started <<<<<<]
[2024-06-24 14:26:09,911: INFO: common: yaml file: config\config.yaml loaded successfully]
[2024-06-24 14:26:09,913: INFO: common: yaml file: params.yaml loaded successfully]
[2024-06-24 14:26:09,914: INFO: common: yaml file: schema.yaml loaded successfully]
[2024-06-24 14:26:09,914: INFO: common: created directory at: artifacts]
[2024-06-24 14:26:09,915: INFO: common: created directory at: artifacts/data_transformation]
[2024-06-24 14:26:09,920: INFO: data_transformation: Splitting the data into training and testing sets(80% / 20%)]
[2024-06-24 14:26:09,920: INFO: data_transformation: (644, 11)]
[2024-06-24 14:26:09,920: INFO: data_transformation: (162, 11)]
[2024-06-24 14:26:09,938: INFO: main: >>>>>> stage Data Transformation stage completed <<<<<<

x==========x]
[2024-06-24 14:26:09,938: INFO: main: >>>>>> stage Model Trainer stage started <<<<<<]
[2024-06-24 14:26:09,940: INFO: common: yaml file: config\config.yaml loaded successfully]
[2024-06-24 14:26:09,942: INFO: common: yaml file: params.yaml loaded successfully]
[2024-06-24 14:26:09,943: INFO: common: yaml file: schema.yaml loaded successfully]
[2024-06-24 14:26:09,944: INFO: common: created directory at: artifacts]
[2024-06-24 14:26:09,944: INFO: common: created directory at: artifacts/model_trainer]
[2024-06-24 14:26:09,955: INFO: main: >>>>>> stage Model Trainer stage completed <<<<<<

x==========x]
[2024-06-24 14:26:40,042: INFO: main: >>>>>> stage Data Ingestion stage started <<<<<<]
[2024-06-24 14:26:40,044: INFO: common: yaml file: config\config.yaml loaded successfully]
[2024-06-24 14:26:40,046: INFO: common: yaml file: params.yaml loaded successfully]
[2024-06-24 14:26:40,047: INFO: common: yaml file: schema.yaml loaded successfully]
[2024-06-24 14:26:40,047: INFO: common: created directory at: artifacts]
[2024-06-24 14:26:40,048: INFO: common: created directory at: artifacts/data_ingestion]
[2024-06-24 14:26:40,048: INFO: data_ingestion: File already exists of size: ~ 9 KB]
[2024-06-24 14:26:40,050: INFO: main: >>>>>> stage Data Ingestion stage completed <<<<<<

x==========x]
[2024-06-24 14:26:40,051: INFO: main: >>>>>> stage Data Validation stage started <<<<<<]
[2024-06-24 14:26:40,053: INFO: common: yaml file: config\config.yaml loaded successfully]
[2024-06-24 14:26:40,054: INFO: common: yaml file: params.yaml loaded successfully]
[2024-06-24 14:26:40,056: INFO: common: yaml file: schema.yaml loaded successfully]
[2024-06-24 14:26:40,056: INFO: common: created directory at: artifacts]
[2024-06-24 14:26:40,057: INFO: common: created directory at: artifacts/data_validation]
[2024-06-24 14:26:40,064: INFO: main: >>>>>> stage Data Validation stage completed <<<<<<

x==========x]
[2024-06-24 14:26:40,064: INFO: main: >>>>>> stage Data Transformation stage started <<<<<<]
[2024-06-24 14:26:40,067: INFO: common: yaml file: config\config.yaml loaded successfully]
[2024-06-24 14:26:40,067: INFO: common: yaml file: params.yaml loaded successfully]
[2024-06-24 14:26:40,069: INFO: common: yaml file: schema.yaml loaded successfully]
[2024-06-24 14:26:40,070: INFO: common: created directory at: artifacts]
[2024-06-24 14:26:40,070: INFO: common: created directory at: artifacts/data_transformation]
[2024-06-24 14:26:40,075: INFO: data_transformation: Splitting the data into training and testing sets(80% / 20%)]
[2024-06-24 14:26:40,075: INFO: data_transformation: (644, 11)]
[2024-06-24 14:26:40,075: INFO: data_transformation: (162, 11)]
[2024-06-24 14:26:40,092: INFO: main: >>>>>> stage Data Transformation stage completed <<<<<<

x==========x]
[2024-06-24 14:26:40,093: INFO: main: >>>>>> stage Model Trainer stage started <<<<<<]
[2024-06-24 14:26:40,095: INFO: common: yaml file: config\config.yaml loaded successfully]
[2024-06-24 14:26:40,096: INFO: common: yaml file: params.yaml loaded successfully]
[2024-06-24 14:26:40,099: INFO: common: yaml file: schema.yaml loaded successfully]
[2024-06-24 14:26:40,101: INFO: common: created directory at: artifacts]
[2024-06-24 14:26:40,101: INFO: common: created directory at: artifacts/model_trainer]
[2024-06-24 14:26:40,121: INFO: main: >>>>>> stage Model Trainer stage completed <<<<<<

x==========x]
[2024-06-24 14:30:22,482: INFO: main: >>>>>> stage Data Ingestion stage started <<<<<<]
[2024-06-24 14:30:22,484: INFO: common: yaml file: config\config.yaml loaded successfully]
[2024-06-24 14:30:22,485: INFO: common: yaml file: params.yaml loaded successfully]
[2024-06-24 14:30:22,486: INFO: common: yaml file: schema.yaml loaded successfully]
[2024-06-24 14:30:22,487: INFO: common: created directory at: artifacts]
[2024-06-24 14:30:22,487: INFO: common: created directory at: artifacts/data_ingestion]
[2024-06-24 14:30:22,488: INFO: data_ingestion: File already exists of size: ~ 9 KB]
[2024-06-24 14:30:22,490: INFO: main: >>>>>> stage Data Ingestion stage completed <<<<<<

x==========x]
[2024-06-24 14:30:22,490: INFO: main: >>>>>> stage Data Validation stage started <<<<<<]
[2024-06-24 14:30:22,492: INFO: common: yaml file: config\config.yaml loaded successfully]
[2024-06-24 14:30:22,494: INFO: common: yaml file: params.yaml loaded successfully]
[2024-06-24 14:30:22,495: INFO: common: yaml file: schema.yaml loaded successfully]
[2024-06-24 14:30:22,495: INFO: common: created directory at: artifacts]
[2024-06-24 14:30:22,496: INFO: common: created directory at: artifacts/data_validation]
[2024-06-24 14:30:22,502: INFO: main: >>>>>> stage Data Validation stage completed <<<<<<

x==========x]
[2024-06-24 14:30:22,503: INFO: main: >>>>>> stage Data Transformation stage started <<<<<<]
[2024-06-24 14:30:22,505: INFO: common: yaml file: config\config.yaml loaded successfully]
[2024-06-24 14:30:22,507: INFO: common: yaml file: params.yaml loaded successfully]
[2024-06-24 14:30:22,508: INFO: common: yaml file: schema.yaml loaded successfully]
[2024-06-24 14:30:22,508: INFO: common: created directory at: artifacts]
[2024-06-24 14:30:22,509: INFO: common: created directory at: artifacts/data_transformation]
[2024-06-24 14:30:22,513: INFO: data_transformation: Splitting the data into training and testing sets(80% / 20%)]
[2024-06-24 14:30:22,514: INFO: data_transformation: (644, 11)]
[2024-06-24 14:30:22,514: INFO: data_transformation: (162, 11)]
[2024-06-24 14:30:22,532: INFO: data_transformation: Saved on the directory artifacts/data_transformation]
[2024-06-24 14:30:22,541: INFO: main: >>>>>> stage Data Transformation stage completed <<<<<<

x==========x]
[2024-06-24 14:30:22,541: INFO: main: >>>>>> stage Model Trainer stage started <<<<<<]
[2024-06-24 14:30:22,543: INFO: common: yaml file: config\config.yaml loaded successfully]
[2024-06-24 14:30:22,544: INFO: common: yaml file: params.yaml loaded successfully]
[2024-06-24 14:30:22,546: INFO: common: yaml file: schema.yaml loaded successfully]
[2024-06-24 14:30:22,546: INFO: common: created directory at: artifacts]
[2024-06-24 14:30:22,546: INFO: common: created directory at: artifacts/model_trainer]
[2024-06-24 14:30:22,556: INFO: main: >>>>>> stage Model Trainer stage completed <<<<<<

x==========x]
[2024-06-24 15:09:20,735: INFO: common: yaml file: config\config.yaml loaded successfully]
[2024-06-24 15:09:20,744: INFO: common: yaml file: params.yaml loaded successfully]
[2024-06-24 15:09:20,747: INFO: common: yaml file: schema.yaml loaded successfully]
[2024-06-24 15:09:20,749: INFO: common: created directory at: artifacts]
[2024-06-24 15:09:20,753: INFO: common: created directory at: artifacts/model_evaluation]
[2024-06-24 15:11:28,566: INFO: common: yaml file: config\config.yaml loaded successfully]
[2024-06-24 15:11:28,569: INFO: common: yaml file: params.yaml loaded successfully]
[2024-06-24 15:11:28,572: INFO: common: yaml file: schema.yaml loaded successfully]
[2024-06-24 15:11:28,573: INFO: common: created directory at: artifacts]
[2024-06-24 15:11:28,574: INFO: common: created directory at: artifacts/model_evaluation]
[2024-06-24 15:14:58,245: INFO: main: >>>>>> stage Data Ingestion stage started <<<<<<]
[2024-06-24 15:14:58,248: INFO: common: yaml file: config\config.yaml loaded successfully]
[2024-06-24 15:14:58,249: INFO: common: yaml file: params.yaml loaded successfully]
[2024-06-24 15:14:58,251: INFO: common: yaml file: schema.yaml loaded successfully]
[2024-06-24 15:14:58,251: INFO: common: created directory at: artifacts]
[2024-06-24 15:14:58,252: INFO: common: created directory at: artifacts/data_ingestion]
[2024-06-24 15:14:58,252: INFO: data_ingestion: File already exists of size: ~ 9 KB]
[2024-06-24 15:14:58,256: INFO: main: >>>>>> stage Data Ingestion stage completed <<<<<<

x==========x]
[2024-06-24 15:14:58,257: INFO: main: >>>>>> stage Data Validation stage started <<<<<<]
[2024-06-24 15:14:58,259: INFO: common: yaml file: config\config.yaml loaded successfully]
[2024-06-24 15:14:58,260: INFO: common: yaml file: params.yaml loaded successfully]
[2024-06-24 15:14:58,262: INFO: common: yaml file: schema.yaml loaded successfully]
[2024-06-24 15:14:58,262: INFO: common: created directory at: artifacts]
[2024-06-24 15:14:58,263: INFO: common: created directory at: artifacts/data_validation]
[2024-06-24 15:14:58,270: INFO: main: >>>>>> stage Data Validation stage completed <<<<<<

x==========x]
[2024-06-24 15:14:58,270: INFO: main: >>>>>> stage Data Transformation stage started <<<<<<]
[2024-06-24 15:14:58,271: INFO: common: yaml file: config\config.yaml loaded successfully]
[2024-06-24 15:14:58,273: INFO: common: yaml file: params.yaml loaded successfully]
[2024-06-24 15:14:58,274: INFO: common: yaml file: schema.yaml loaded successfully]
[2024-06-24 15:14:58,275: INFO: common: created directory at: artifacts]
[2024-06-24 15:14:58,275: INFO: common: created directory at: artifacts/data_transformation]
[2024-06-24 15:14:58,288: INFO: data_transformation: Splitting the data into training and testing sets(80% / 20%)]
[2024-06-24 15:14:58,288: INFO: data_transformation: (644, 11)]
[2024-06-24 15:14:58,288: INFO: data_transformation: (162, 11)]
[2024-06-24 15:14:58,309: INFO: data_transformation: Saved on the directory artifacts/data_transformation]
[2024-06-24 15:14:58,321: INFO: main: >>>>>> stage Data Transformation stage completed <<<<<<

x==========x]
[2024-06-24 15:14:58,321: INFO: main: >>>>>> stage Model Trainer stage started <<<<<<]
[2024-06-24 15:14:58,322: INFO: common: yaml file: config\config.yaml loaded successfully]
[2024-06-24 15:14:58,323: INFO: common: yaml file: params.yaml loaded successfully]
[2024-06-24 15:14:58,325: INFO: common: yaml file: schema.yaml loaded successfully]
[2024-06-24 15:14:58,326: INFO: common: created directory at: artifacts]
[2024-06-24 15:14:58,326: INFO: common: created directory at: artifacts/model_trainer]
[2024-06-24 15:14:58,342: INFO: main: >>>>>> stage Model Trainer stage completed <<<<<<

x==========x]
[2024-06-24 15:17:02,326: INFO: common: yaml file: config\config.yaml loaded successfully]
[2024-06-24 15:17:02,328: INFO: common: yaml file: params.yaml loaded successfully]
[2024-06-24 15:17:02,331: INFO: common: yaml file: schema.yaml loaded successfully]
[2024-06-24 15:17:02,332: INFO: common: created directory at: artifacts]
[2024-06-24 15:17:02,333: INFO: common: created directory at: artifacts/model_evaluation]
[2024-06-24 15:17:03,442: INFO: common: json file saved at: artifacts\model_evaluation\metrics.json]
[2024-06-24 15:18:35,562: INFO: common: yaml file: config\config.yaml loaded successfully]
[2024-06-24 15:18:35,564: INFO: common: yaml file: params.yaml loaded successfully]
[2024-06-24 15:18:35,566: INFO: common: yaml file: schema.yaml loaded successfully]
[2024-06-24 15:18:35,567: INFO: common: created directory at: artifacts]
[2024-06-24 15:18:35,568: INFO: common: created directory at: artifacts/model_evaluation]
[2024-06-24 15:18:36,399: INFO: common: json file saved at: artifacts\model_evaluation\metrics.json]
